[2026-07-18T19:40:41.071+0000] {processor.py:161} INFO - Started process (PID=167) to work on /opt/airflow/dags/dataops_pipeline.py
[2026-07-18T19:40:41.073+0000] {processor.py:830} INFO - Processing file /opt/airflow/dags/dataops_pipeline.py for tasks to queue
[2026-07-18T19:40:41.074+0000] {logging_mixin.py:188} INFO - [2026-07-18T19:40:41.074+0000] {dagbag.py:538} INFO - Filling up the DagBag from /opt/airflow/dags/dataops_pipeline.py
[2026-07-18T19:40:41.139+0000] {processor.py:840} INFO - DAG(s) 'dataops_pipeline' retrieved from /opt/airflow/dags/dataops_pipeline.py
[2026-07-18T19:40:41.711+0000] {logging_mixin.py:188} INFO - [2026-07-18T19:40:41.710+0000] {override.py:1769} INFO - Created Permission View: can read on DAG:dataops_pipeline
[2026-07-18T19:40:41.726+0000] {logging_mixin.py:188} INFO - [2026-07-18T19:40:41.726+0000] {override.py:1769} INFO - Created Permission View: can delete on DAG:dataops_pipeline
[2026-07-18T19:40:41.741+0000] {logging_mixin.py:188} INFO - [2026-07-18T19:40:41.740+0000] {override.py:1769} INFO - Created Permission View: can edit on DAG:dataops_pipeline
[2026-07-18T19:40:41.741+0000] {logging_mixin.py:188} INFO - [2026-07-18T19:40:41.741+0000] {dag.py:3036} INFO - Sync 1 DAGs
[2026-07-18T19:40:41.761+0000] {logging_mixin.py:188} INFO - [2026-07-18T19:40:41.761+0000] {dag.py:3058} INFO - Creating ORM DAG for dataops_pipeline
[2026-07-18T19:40:41.778+0000] {logging_mixin.py:188} INFO - [2026-07-18T19:40:41.778+0000] {dag.py:3823} INFO - Setting next_dagrun for dataops_pipeline to 2026-07-17 06:00:00+00:00, run_after=2026-07-18 06:00:00+00:00
[2026-07-18T19:40:41.803+0000] {processor.py:183} INFO - Processing /opt/airflow/dags/dataops_pipeline.py took 0.738 seconds
[2026-07-18T19:41:11.982+0000] {processor.py:161} INFO - Started process (PID=172) to work on /opt/airflow/dags/dataops_pipeline.py
[2026-07-18T19:41:11.983+0000] {processor.py:830} INFO - Processing file /opt/airflow/dags/dataops_pipeline.py for tasks to queue
[2026-07-18T19:41:11.985+0000] {logging_mixin.py:188} INFO - [2026-07-18T19:41:11.985+0000] {dagbag.py:538} INFO - Filling up the DagBag from /opt/airflow/dags/dataops_pipeline.py
[2026-07-18T19:41:12.008+0000] {processor.py:840} INFO - DAG(s) 'dataops_pipeline' retrieved from /opt/airflow/dags/dataops_pipeline.py
[2026-07-18T19:41:12.032+0000] {logging_mixin.py:188} INFO - [2026-07-18T19:41:12.032+0000] {dag.py:3036} INFO - Sync 1 DAGs
[2026-07-18T19:41:12.070+0000] {logging_mixin.py:188} INFO - [2026-07-18T19:41:12.070+0000] {dag.py:3823} INFO - Setting next_dagrun for dataops_pipeline to 2026-07-17 06:00:00+00:00, run_after=2026-07-18 06:00:00+00:00
[2026-07-18T19:41:12.103+0000] {processor.py:183} INFO - Processing /opt/airflow/dags/dataops_pipeline.py took 0.126 seconds
[2026-07-18T19:41:42.244+0000] {processor.py:161} INFO - Started process (PID=177) to work on /opt/airflow/dags/dataops_pipeline.py
[2026-07-18T19:41:42.252+0000] {processor.py:830} INFO - Processing file /opt/airflow/dags/dataops_pipeline.py for tasks to queue
[2026-07-18T19:41:42.253+0000] {logging_mixin.py:188} INFO - [2026-07-18T19:41:42.253+0000] {dagbag.py:538} INFO - Filling up the DagBag from /opt/airflow/dags/dataops_pipeline.py
[2026-07-18T19:41:42.270+0000] {processor.py:840} INFO - DAG(s) 'dataops_pipeline' retrieved from /opt/airflow/dags/dataops_pipeline.py
[2026-07-18T19:41:42.289+0000] {logging_mixin.py:188} INFO - [2026-07-18T19:41:42.289+0000] {dag.py:3036} INFO - Sync 1 DAGs
[2026-07-18T19:41:42.318+0000] {logging_mixin.py:188} INFO - [2026-07-18T19:41:42.317+0000] {dag.py:3823} INFO - Setting next_dagrun for dataops_pipeline to 2026-07-17 06:00:00+00:00, run_after=2026-07-18 06:00:00+00:00
[2026-07-18T19:41:42.340+0000] {processor.py:183} INFO - Processing /opt/airflow/dags/dataops_pipeline.py took 0.100 seconds
[2026-07-18T19:42:12.416+0000] {processor.py:161} INFO - Started process (PID=182) to work on /opt/airflow/dags/dataops_pipeline.py
[2026-07-18T19:42:12.417+0000] {processor.py:830} INFO - Processing file /opt/airflow/dags/dataops_pipeline.py for tasks to queue
[2026-07-18T19:42:12.419+0000] {logging_mixin.py:188} INFO - [2026-07-18T19:42:12.418+0000] {dagbag.py:538} INFO - Filling up the DagBag from /opt/airflow/dags/dataops_pipeline.py
[2026-07-18T19:42:12.439+0000] {processor.py:840} INFO - DAG(s) 'dataops_pipeline' retrieved from /opt/airflow/dags/dataops_pipeline.py
[2026-07-18T19:42:12.460+0000] {logging_mixin.py:188} INFO - [2026-07-18T19:42:12.460+0000] {dag.py:3036} INFO - Sync 1 DAGs
[2026-07-18T19:42:12.492+0000] {logging_mixin.py:188} INFO - [2026-07-18T19:42:12.491+0000] {dag.py:3823} INFO - Setting next_dagrun for dataops_pipeline to 2026-07-17 06:00:00+00:00, run_after=2026-07-18 06:00:00+00:00
[2026-07-18T19:42:12.519+0000] {processor.py:183} INFO - Processing /opt/airflow/dags/dataops_pipeline.py took 0.107 seconds
[2026-07-18T19:42:42.735+0000] {processor.py:161} INFO - Started process (PID=187) to work on /opt/airflow/dags/dataops_pipeline.py
[2026-07-18T19:42:42.736+0000] {processor.py:830} INFO - Processing file /opt/airflow/dags/dataops_pipeline.py for tasks to queue
[2026-07-18T19:42:42.737+0000] {logging_mixin.py:188} INFO - [2026-07-18T19:42:42.737+0000] {dagbag.py:538} INFO - Filling up the DagBag from /opt/airflow/dags/dataops_pipeline.py
[2026-07-18T19:42:42.753+0000] {processor.py:840} INFO - DAG(s) 'dataops_pipeline' retrieved from /opt/airflow/dags/dataops_pipeline.py
[2026-07-18T19:42:42.775+0000] {logging_mixin.py:188} INFO - [2026-07-18T19:42:42.774+0000] {dag.py:3036} INFO - Sync 1 DAGs
[2026-07-18T19:42:42.803+0000] {logging_mixin.py:188} INFO - [2026-07-18T19:42:42.803+0000] {dag.py:3823} INFO - Setting next_dagrun for dataops_pipeline to 2026-07-17 06:00:00+00:00, run_after=2026-07-18 06:00:00+00:00
[2026-07-18T19:42:42.831+0000] {processor.py:183} INFO - Processing /opt/airflow/dags/dataops_pipeline.py took 0.099 seconds
[2026-07-18T19:43:12.947+0000] {processor.py:161} INFO - Started process (PID=192) to work on /opt/airflow/dags/dataops_pipeline.py
[2026-07-18T19:43:12.952+0000] {processor.py:830} INFO - Processing file /opt/airflow/dags/dataops_pipeline.py for tasks to queue
[2026-07-18T19:43:12.953+0000] {logging_mixin.py:188} INFO - [2026-07-18T19:43:12.953+0000] {dagbag.py:538} INFO - Filling up the DagBag from /opt/airflow/dags/dataops_pipeline.py
[2026-07-18T19:43:12.973+0000] {processor.py:840} INFO - DAG(s) 'dataops_pipeline' retrieved from /opt/airflow/dags/dataops_pipeline.py
[2026-07-18T19:43:13.102+0000] {logging_mixin.py:188} INFO - [2026-07-18T19:43:13.102+0000] {dag.py:3036} INFO - Sync 1 DAGs
[2026-07-18T19:43:13.127+0000] {logging_mixin.py:188} INFO - [2026-07-18T19:43:13.126+0000] {dag.py:3823} INFO - Setting next_dagrun for dataops_pipeline to 2026-07-17 06:00:00+00:00, run_after=2026-07-18 06:00:00+00:00
[2026-07-18T19:43:13.156+0000] {processor.py:183} INFO - Processing /opt/airflow/dags/dataops_pipeline.py took 0.213 seconds
[2026-07-18T19:43:43.225+0000] {processor.py:161} INFO - Started process (PID=197) to work on /opt/airflow/dags/dataops_pipeline.py
[2026-07-18T19:43:43.226+0000] {processor.py:830} INFO - Processing file /opt/airflow/dags/dataops_pipeline.py for tasks to queue
[2026-07-18T19:43:43.227+0000] {logging_mixin.py:188} INFO - [2026-07-18T19:43:43.226+0000] {dagbag.py:538} INFO - Filling up the DagBag from /opt/airflow/dags/dataops_pipeline.py
[2026-07-18T19:43:43.249+0000] {processor.py:840} INFO - DAG(s) 'dataops_pipeline' retrieved from /opt/airflow/dags/dataops_pipeline.py
[2026-07-18T19:43:43.274+0000] {logging_mixin.py:188} INFO - [2026-07-18T19:43:43.273+0000] {dag.py:3036} INFO - Sync 1 DAGs
[2026-07-18T19:43:43.324+0000] {logging_mixin.py:188} INFO - [2026-07-18T19:43:43.323+0000] {dag.py:3823} INFO - Setting next_dagrun for dataops_pipeline to 2026-07-17 06:00:00+00:00, run_after=2026-07-18 06:00:00+00:00
[2026-07-18T19:43:43.367+0000] {processor.py:183} INFO - Processing /opt/airflow/dags/dataops_pipeline.py took 0.147 seconds
[2026-07-18T19:44:13.571+0000] {processor.py:161} INFO - Started process (PID=202) to work on /opt/airflow/dags/dataops_pipeline.py
[2026-07-18T19:44:13.572+0000] {processor.py:830} INFO - Processing file /opt/airflow/dags/dataops_pipeline.py for tasks to queue
[2026-07-18T19:44:13.574+0000] {logging_mixin.py:188} INFO - [2026-07-18T19:44:13.573+0000] {dagbag.py:538} INFO - Filling up the DagBag from /opt/airflow/dags/dataops_pipeline.py
[2026-07-18T19:44:13.594+0000] {processor.py:840} INFO - DAG(s) 'dataops_pipeline' retrieved from /opt/airflow/dags/dataops_pipeline.py
[2026-07-18T19:44:13.723+0000] {logging_mixin.py:188} INFO - [2026-07-18T19:44:13.723+0000] {dag.py:3036} INFO - Sync 1 DAGs
[2026-07-18T19:44:13.746+0000] {logging_mixin.py:188} INFO - [2026-07-18T19:44:13.746+0000] {dag.py:3823} INFO - Setting next_dagrun for dataops_pipeline to 2026-07-17 06:00:00+00:00, run_after=2026-07-18 06:00:00+00:00
[2026-07-18T19:44:13.781+0000] {processor.py:183} INFO - Processing /opt/airflow/dags/dataops_pipeline.py took 0.215 seconds
[2026-07-18T19:44:43.978+0000] {processor.py:161} INFO - Started process (PID=207) to work on /opt/airflow/dags/dataops_pipeline.py
[2026-07-18T19:44:43.979+0000] {processor.py:830} INFO - Processing file /opt/airflow/dags/dataops_pipeline.py for tasks to queue
[2026-07-18T19:44:43.980+0000] {logging_mixin.py:188} INFO - [2026-07-18T19:44:43.980+0000] {dagbag.py:538} INFO - Filling up the DagBag from /opt/airflow/dags/dataops_pipeline.py
[2026-07-18T19:44:43.996+0000] {processor.py:840} INFO - DAG(s) 'dataops_pipeline' retrieved from /opt/airflow/dags/dataops_pipeline.py
[2026-07-18T19:44:44.038+0000] {logging_mixin.py:188} INFO - [2026-07-18T19:44:44.038+0000] {dag.py:3036} INFO - Sync 1 DAGs
[2026-07-18T19:44:44.064+0000] {logging_mixin.py:188} INFO - [2026-07-18T19:44:44.064+0000] {dag.py:3823} INFO - Setting next_dagrun for dataops_pipeline to 2026-07-17 06:00:00+00:00, run_after=2026-07-18 06:00:00+00:00
[2026-07-18T19:44:44.091+0000] {processor.py:183} INFO - Processing /opt/airflow/dags/dataops_pipeline.py took 0.118 seconds
[2026-07-18T19:45:25.455+0000] {processor.py:161} INFO - Started process (PID=166) to work on /opt/airflow/dags/dataops_pipeline.py
[2026-07-18T19:45:25.456+0000] {processor.py:830} INFO - Processing file /opt/airflow/dags/dataops_pipeline.py for tasks to queue
[2026-07-18T19:45:25.459+0000] {logging_mixin.py:188} INFO - [2026-07-18T19:45:25.458+0000] {dagbag.py:538} INFO - Filling up the DagBag from /opt/airflow/dags/dataops_pipeline.py
[2026-07-18T19:45:25.566+0000] {processor.py:840} INFO - DAG(s) 'dataops_pipeline' retrieved from /opt/airflow/dags/dataops_pipeline.py
[2026-07-18T19:45:25.612+0000] {logging_mixin.py:188} INFO - [2026-07-18T19:45:25.611+0000] {dag.py:3036} INFO - Sync 1 DAGs
[2026-07-18T19:45:25.650+0000] {logging_mixin.py:188} INFO - [2026-07-18T19:45:25.649+0000] {dag.py:3823} INFO - Setting next_dagrun for dataops_pipeline to 2026-07-17 06:00:00+00:00, run_after=2026-07-18 06:00:00+00:00
[2026-07-18T19:45:25.691+0000] {processor.py:183} INFO - Processing /opt/airflow/dags/dataops_pipeline.py took 0.241 seconds
[2026-07-18T19:45:55.842+0000] {processor.py:161} INFO - Started process (PID=172) to work on /opt/airflow/dags/dataops_pipeline.py
[2026-07-18T19:45:55.844+0000] {processor.py:830} INFO - Processing file /opt/airflow/dags/dataops_pipeline.py for tasks to queue
[2026-07-18T19:45:55.845+0000] {logging_mixin.py:188} INFO - [2026-07-18T19:45:55.845+0000] {dagbag.py:538} INFO - Filling up the DagBag from /opt/airflow/dags/dataops_pipeline.py
[2026-07-18T19:45:55.871+0000] {processor.py:840} INFO - DAG(s) 'dataops_pipeline' retrieved from /opt/airflow/dags/dataops_pipeline.py
[2026-07-18T19:45:55.895+0000] {logging_mixin.py:188} INFO - [2026-07-18T19:45:55.895+0000] {dag.py:3036} INFO - Sync 1 DAGs
[2026-07-18T19:45:55.933+0000] {logging_mixin.py:188} INFO - [2026-07-18T19:45:55.932+0000] {dag.py:3823} INFO - Setting next_dagrun for dataops_pipeline to 2026-07-17 06:00:00+00:00, run_after=2026-07-18 06:00:00+00:00
[2026-07-18T19:45:55.964+0000] {processor.py:183} INFO - Processing /opt/airflow/dags/dataops_pipeline.py took 0.127 seconds
[2026-07-18T19:46:26.013+0000] {processor.py:161} INFO - Started process (PID=177) to work on /opt/airflow/dags/dataops_pipeline.py
[2026-07-18T19:46:26.014+0000] {processor.py:830} INFO - Processing file /opt/airflow/dags/dataops_pipeline.py for tasks to queue
[2026-07-18T19:46:26.016+0000] {logging_mixin.py:188} INFO - [2026-07-18T19:46:26.015+0000] {dagbag.py:538} INFO - Filling up the DagBag from /opt/airflow/dags/dataops_pipeline.py
[2026-07-18T19:46:26.038+0000] {processor.py:840} INFO - DAG(s) 'dataops_pipeline' retrieved from /opt/airflow/dags/dataops_pipeline.py
[2026-07-18T19:46:26.061+0000] {logging_mixin.py:188} INFO - [2026-07-18T19:46:26.061+0000] {dag.py:3036} INFO - Sync 1 DAGs
[2026-07-18T19:46:26.098+0000] {logging_mixin.py:188} INFO - [2026-07-18T19:46:26.098+0000] {dag.py:3823} INFO - Setting next_dagrun for dataops_pipeline to 2026-07-17 06:00:00+00:00, run_after=2026-07-18 06:00:00+00:00
[2026-07-18T19:46:26.126+0000] {processor.py:183} INFO - Processing /opt/airflow/dags/dataops_pipeline.py took 0.118 seconds
[2026-07-18T19:46:56.286+0000] {processor.py:161} INFO - Started process (PID=182) to work on /opt/airflow/dags/dataops_pipeline.py
[2026-07-18T19:46:56.286+0000] {processor.py:830} INFO - Processing file /opt/airflow/dags/dataops_pipeline.py for tasks to queue
[2026-07-18T19:46:56.287+0000] {logging_mixin.py:188} INFO - [2026-07-18T19:46:56.287+0000] {dagbag.py:538} INFO - Filling up the DagBag from /opt/airflow/dags/dataops_pipeline.py
[2026-07-18T19:46:56.303+0000] {processor.py:840} INFO - DAG(s) 'dataops_pipeline' retrieved from /opt/airflow/dags/dataops_pipeline.py
[2026-07-18T19:46:56.319+0000] {logging_mixin.py:188} INFO - [2026-07-18T19:46:56.319+0000] {dag.py:3036} INFO - Sync 1 DAGs
[2026-07-18T19:46:56.346+0000] {logging_mixin.py:188} INFO - [2026-07-18T19:46:56.346+0000] {dag.py:3823} INFO - Setting next_dagrun for dataops_pipeline to 2026-07-17 06:00:00+00:00, run_after=2026-07-18 06:00:00+00:00
[2026-07-18T19:46:56.366+0000] {processor.py:183} INFO - Processing /opt/airflow/dags/dataops_pipeline.py took 0.083 seconds
[2026-07-18T20:33:58.657+0000] {processor.py:161} INFO - Started process (PID=194) to work on /opt/airflow/dags/dataops_pipeline.py
[2026-07-18T20:33:58.663+0000] {processor.py:830} INFO - Processing file /opt/airflow/dags/dataops_pipeline.py for tasks to queue
[2026-07-18T20:33:58.665+0000] {logging_mixin.py:188} INFO - [2026-07-18T20:33:58.664+0000] {dagbag.py:538} INFO - Filling up the DagBag from /opt/airflow/dags/dataops_pipeline.py
[2026-07-18T20:33:58.691+0000] {processor.py:840} INFO - DAG(s) 'dataops_pipeline' retrieved from /opt/airflow/dags/dataops_pipeline.py
[2026-07-18T20:33:58.996+0000] {logging_mixin.py:188} INFO - [2026-07-18T20:33:58.996+0000] {dag.py:3036} INFO - Sync 1 DAGs
[2026-07-18T20:33:59.015+0000] {logging_mixin.py:188} INFO - [2026-07-18T20:33:59.015+0000] {dag.py:3823} INFO - Setting next_dagrun for dataops_pipeline to 2026-07-17 06:00:00+00:00, run_after=2026-07-18 06:00:00+00:00
[2026-07-18T20:33:59.038+0000] {processor.py:183} INFO - Processing /opt/airflow/dags/dataops_pipeline.py took 0.387 seconds
[2026-07-18T20:34:29.255+0000] {processor.py:161} INFO - Started process (PID=199) to work on /opt/airflow/dags/dataops_pipeline.py
[2026-07-18T20:34:29.260+0000] {processor.py:830} INFO - Processing file /opt/airflow/dags/dataops_pipeline.py for tasks to queue
[2026-07-18T20:34:29.262+0000] {logging_mixin.py:188} INFO - [2026-07-18T20:34:29.261+0000] {dagbag.py:538} INFO - Filling up the DagBag from /opt/airflow/dags/dataops_pipeline.py
[2026-07-18T20:34:29.285+0000] {processor.py:840} INFO - DAG(s) 'dataops_pipeline' retrieved from /opt/airflow/dags/dataops_pipeline.py
[2026-07-18T20:34:29.307+0000] {logging_mixin.py:188} INFO - [2026-07-18T20:34:29.306+0000] {dag.py:3036} INFO - Sync 1 DAGs
[2026-07-18T20:34:29.335+0000] {logging_mixin.py:188} INFO - [2026-07-18T20:34:29.335+0000] {dag.py:3823} INFO - Setting next_dagrun for dataops_pipeline to 2026-07-17 06:00:00+00:00, run_after=2026-07-18 06:00:00+00:00
[2026-07-18T20:34:29.361+0000] {processor.py:183} INFO - Processing /opt/airflow/dags/dataops_pipeline.py took 0.116 seconds
[2026-07-18T20:34:59.504+0000] {processor.py:161} INFO - Started process (PID=204) to work on /opt/airflow/dags/dataops_pipeline.py
[2026-07-18T20:34:59.506+0000] {processor.py:830} INFO - Processing file /opt/airflow/dags/dataops_pipeline.py for tasks to queue
[2026-07-18T20:34:59.507+0000] {logging_mixin.py:188} INFO - [2026-07-18T20:34:59.507+0000] {dagbag.py:538} INFO - Filling up the DagBag from /opt/airflow/dags/dataops_pipeline.py
[2026-07-18T20:34:59.523+0000] {processor.py:840} INFO - DAG(s) 'dataops_pipeline' retrieved from /opt/airflow/dags/dataops_pipeline.py
[2026-07-18T20:34:59.661+0000] {logging_mixin.py:188} INFO - [2026-07-18T20:34:59.661+0000] {dag.py:3036} INFO - Sync 1 DAGs
[2026-07-18T20:34:59.684+0000] {logging_mixin.py:188} INFO - [2026-07-18T20:34:59.684+0000] {dag.py:3823} INFO - Setting next_dagrun for dataops_pipeline to 2026-07-17 06:00:00+00:00, run_after=2026-07-18 06:00:00+00:00
[2026-07-18T20:34:59.706+0000] {processor.py:183} INFO - Processing /opt/airflow/dags/dataops_pipeline.py took 0.208 seconds
[2026-07-18T20:35:29.830+0000] {processor.py:161} INFO - Started process (PID=209) to work on /opt/airflow/dags/dataops_pipeline.py
[2026-07-18T20:35:29.830+0000] {processor.py:830} INFO - Processing file /opt/airflow/dags/dataops_pipeline.py for tasks to queue
[2026-07-18T20:35:29.832+0000] {logging_mixin.py:188} INFO - [2026-07-18T20:35:29.831+0000] {dagbag.py:538} INFO - Filling up the DagBag from /opt/airflow/dags/dataops_pipeline.py
[2026-07-18T20:35:29.848+0000] {processor.py:840} INFO - DAG(s) 'dataops_pipeline' retrieved from /opt/airflow/dags/dataops_pipeline.py
[2026-07-18T20:35:29.869+0000] {logging_mixin.py:188} INFO - [2026-07-18T20:35:29.869+0000] {dag.py:3036} INFO - Sync 1 DAGs
[2026-07-18T20:35:29.896+0000] {logging_mixin.py:188} INFO - [2026-07-18T20:35:29.896+0000] {dag.py:3823} INFO - Setting next_dagrun for dataops_pipeline to 2026-07-17 06:00:00+00:00, run_after=2026-07-18 06:00:00+00:00
[2026-07-18T20:35:29.917+0000] {processor.py:183} INFO - Processing /opt/airflow/dags/dataops_pipeline.py took 0.095 seconds
[2026-07-18T20:36:00.163+0000] {processor.py:161} INFO - Started process (PID=214) to work on /opt/airflow/dags/dataops_pipeline.py
[2026-07-18T20:36:00.164+0000] {processor.py:830} INFO - Processing file /opt/airflow/dags/dataops_pipeline.py for tasks to queue
[2026-07-18T20:36:00.166+0000] {logging_mixin.py:188} INFO - [2026-07-18T20:36:00.165+0000] {dagbag.py:538} INFO - Filling up the DagBag from /opt/airflow/dags/dataops_pipeline.py
[2026-07-18T20:36:00.182+0000] {processor.py:840} INFO - DAG(s) 'dataops_pipeline' retrieved from /opt/airflow/dags/dataops_pipeline.py
[2026-07-18T20:36:00.295+0000] {logging_mixin.py:188} INFO - [2026-07-18T20:36:00.294+0000] {dag.py:3036} INFO - Sync 1 DAGs
[2026-07-18T20:36:00.314+0000] {logging_mixin.py:188} INFO - [2026-07-18T20:36:00.314+0000] {dag.py:3823} INFO - Setting next_dagrun for dataops_pipeline to 2026-07-17 06:00:00+00:00, run_after=2026-07-18 06:00:00+00:00
[2026-07-18T20:36:00.340+0000] {processor.py:183} INFO - Processing /opt/airflow/dags/dataops_pipeline.py took 0.181 seconds
[2026-07-18T20:36:44.078+0000] {processor.py:161} INFO - Started process (PID=166) to work on /opt/airflow/dags/dataops_pipeline.py
[2026-07-18T20:36:44.079+0000] {processor.py:830} INFO - Processing file /opt/airflow/dags/dataops_pipeline.py for tasks to queue
[2026-07-18T20:36:44.081+0000] {logging_mixin.py:188} INFO - [2026-07-18T20:36:44.080+0000] {dagbag.py:538} INFO - Filling up the DagBag from /opt/airflow/dags/dataops_pipeline.py
[2026-07-18T20:36:44.111+0000] {processor.py:840} INFO - DAG(s) 'dataops_pipeline' retrieved from /opt/airflow/dags/dataops_pipeline.py
[2026-07-18T20:36:44.142+0000] {logging_mixin.py:188} INFO - [2026-07-18T20:36:44.142+0000] {dag.py:3036} INFO - Sync 1 DAGs
[2026-07-18T20:36:44.182+0000] {logging_mixin.py:188} INFO - [2026-07-18T20:36:44.182+0000] {dag.py:3823} INFO - Setting next_dagrun for dataops_pipeline to 2026-07-17 06:00:00+00:00, run_after=2026-07-18 06:00:00+00:00
[2026-07-18T20:36:44.245+0000] {processor.py:183} INFO - Processing /opt/airflow/dags/dataops_pipeline.py took 0.169 seconds
[2026-07-18T20:37:14.384+0000] {processor.py:161} INFO - Started process (PID=172) to work on /opt/airflow/dags/dataops_pipeline.py
[2026-07-18T20:37:14.386+0000] {processor.py:830} INFO - Processing file /opt/airflow/dags/dataops_pipeline.py for tasks to queue
[2026-07-18T20:37:14.387+0000] {logging_mixin.py:188} INFO - [2026-07-18T20:37:14.387+0000] {dagbag.py:538} INFO - Filling up the DagBag from /opt/airflow/dags/dataops_pipeline.py
[2026-07-18T20:37:14.412+0000] {processor.py:840} INFO - DAG(s) 'dataops_pipeline' retrieved from /opt/airflow/dags/dataops_pipeline.py
[2026-07-18T20:37:14.441+0000] {logging_mixin.py:188} INFO - [2026-07-18T20:37:14.441+0000] {dag.py:3036} INFO - Sync 1 DAGs
[2026-07-18T20:37:14.489+0000] {logging_mixin.py:188} INFO - [2026-07-18T20:37:14.488+0000] {dag.py:3823} INFO - Setting next_dagrun for dataops_pipeline to 2026-07-17 06:00:00+00:00, run_after=2026-07-18 06:00:00+00:00
[2026-07-18T20:37:14.517+0000] {processor.py:183} INFO - Processing /opt/airflow/dags/dataops_pipeline.py took 0.137 seconds
[2026-07-18T20:37:44.557+0000] {processor.py:161} INFO - Started process (PID=177) to work on /opt/airflow/dags/dataops_pipeline.py
[2026-07-18T20:37:44.558+0000] {processor.py:830} INFO - Processing file /opt/airflow/dags/dataops_pipeline.py for tasks to queue
[2026-07-18T20:37:44.559+0000] {logging_mixin.py:188} INFO - [2026-07-18T20:37:44.559+0000] {dagbag.py:538} INFO - Filling up the DagBag from /opt/airflow/dags/dataops_pipeline.py
[2026-07-18T20:37:44.576+0000] {processor.py:840} INFO - DAG(s) 'dataops_pipeline' retrieved from /opt/airflow/dags/dataops_pipeline.py
[2026-07-18T20:37:44.595+0000] {logging_mixin.py:188} INFO - [2026-07-18T20:37:44.594+0000] {dag.py:3036} INFO - Sync 1 DAGs
[2026-07-18T20:37:44.624+0000] {logging_mixin.py:188} INFO - [2026-07-18T20:37:44.624+0000] {dag.py:3823} INFO - Setting next_dagrun for dataops_pipeline to 2026-07-17 06:00:00+00:00, run_after=2026-07-18 06:00:00+00:00
[2026-07-18T20:37:44.645+0000] {processor.py:183} INFO - Processing /opt/airflow/dags/dataops_pipeline.py took 0.091 seconds
[2026-07-18T20:38:14.750+0000] {processor.py:161} INFO - Started process (PID=182) to work on /opt/airflow/dags/dataops_pipeline.py
[2026-07-18T20:38:14.751+0000] {processor.py:830} INFO - Processing file /opt/airflow/dags/dataops_pipeline.py for tasks to queue
[2026-07-18T20:38:14.752+0000] {logging_mixin.py:188} INFO - [2026-07-18T20:38:14.752+0000] {dagbag.py:538} INFO - Filling up the DagBag from /opt/airflow/dags/dataops_pipeline.py
[2026-07-18T20:38:14.770+0000] {processor.py:840} INFO - DAG(s) 'dataops_pipeline' retrieved from /opt/airflow/dags/dataops_pipeline.py
[2026-07-18T20:38:14.791+0000] {logging_mixin.py:188} INFO - [2026-07-18T20:38:14.791+0000] {dag.py:3036} INFO - Sync 1 DAGs
[2026-07-18T20:38:14.826+0000] {logging_mixin.py:188} INFO - [2026-07-18T20:38:14.826+0000] {dag.py:3823} INFO - Setting next_dagrun for dataops_pipeline to 2026-07-17 06:00:00+00:00, run_after=2026-07-18 06:00:00+00:00
[2026-07-18T20:38:14.851+0000] {processor.py:183} INFO - Processing /opt/airflow/dags/dataops_pipeline.py took 0.107 seconds
[2026-07-18T20:38:45.036+0000] {processor.py:161} INFO - Started process (PID=187) to work on /opt/airflow/dags/dataops_pipeline.py
[2026-07-18T20:38:45.037+0000] {processor.py:830} INFO - Processing file /opt/airflow/dags/dataops_pipeline.py for tasks to queue
[2026-07-18T20:38:45.040+0000] {logging_mixin.py:188} INFO - [2026-07-18T20:38:45.039+0000] {dagbag.py:538} INFO - Filling up the DagBag from /opt/airflow/dags/dataops_pipeline.py
[2026-07-18T20:38:45.057+0000] {processor.py:840} INFO - DAG(s) 'dataops_pipeline' retrieved from /opt/airflow/dags/dataops_pipeline.py
[2026-07-18T20:38:45.075+0000] {logging_mixin.py:188} INFO - [2026-07-18T20:38:45.075+0000] {dag.py:3036} INFO - Sync 1 DAGs
[2026-07-18T20:38:45.102+0000] {logging_mixin.py:188} INFO - [2026-07-18T20:38:45.102+0000] {dag.py:3823} INFO - Setting next_dagrun for dataops_pipeline to 2026-07-17 06:00:00+00:00, run_after=2026-07-18 06:00:00+00:00
[2026-07-18T20:38:45.128+0000] {processor.py:183} INFO - Processing /opt/airflow/dags/dataops_pipeline.py took 0.099 seconds
[2026-07-18T20:39:15.263+0000] {processor.py:161} INFO - Started process (PID=192) to work on /opt/airflow/dags/dataops_pipeline.py
[2026-07-18T20:39:15.264+0000] {processor.py:830} INFO - Processing file /opt/airflow/dags/dataops_pipeline.py for tasks to queue
[2026-07-18T20:39:15.266+0000] {logging_mixin.py:188} INFO - [2026-07-18T20:39:15.265+0000] {dagbag.py:538} INFO - Filling up the DagBag from /opt/airflow/dags/dataops_pipeline.py
[2026-07-18T20:39:15.283+0000] {processor.py:840} INFO - DAG(s) 'dataops_pipeline' retrieved from /opt/airflow/dags/dataops_pipeline.py
[2026-07-18T20:39:15.695+0000] {logging_mixin.py:188} INFO - [2026-07-18T20:39:15.694+0000] {dag.py:3036} INFO - Sync 1 DAGs
[2026-07-18T20:39:15.734+0000] {logging_mixin.py:188} INFO - [2026-07-18T20:39:15.733+0000] {dag.py:3823} INFO - Setting next_dagrun for dataops_pipeline to 2026-07-17 06:00:00+00:00, run_after=2026-07-18 06:00:00+00:00
[2026-07-18T20:39:15.762+0000] {processor.py:183} INFO - Processing /opt/airflow/dags/dataops_pipeline.py took 0.503 seconds
[2026-07-18T20:40:04.639+0000] {processor.py:161} INFO - Started process (PID=167) to work on /opt/airflow/dags/dataops_pipeline.py
[2026-07-18T20:40:04.642+0000] {processor.py:830} INFO - Processing file /opt/airflow/dags/dataops_pipeline.py for tasks to queue
[2026-07-18T20:40:04.644+0000] {logging_mixin.py:188} INFO - [2026-07-18T20:40:04.643+0000] {dagbag.py:538} INFO - Filling up the DagBag from /opt/airflow/dags/dataops_pipeline.py
[2026-07-18T20:40:04.713+0000] {processor.py:840} INFO - DAG(s) 'dataops_pipeline' retrieved from /opt/airflow/dags/dataops_pipeline.py
[2026-07-18T20:40:04.771+0000] {logging_mixin.py:188} INFO - [2026-07-18T20:40:04.771+0000] {dag.py:3036} INFO - Sync 1 DAGs
[2026-07-18T20:40:04.820+0000] {logging_mixin.py:188} INFO - [2026-07-18T20:40:04.820+0000] {dag.py:3823} INFO - Setting next_dagrun for dataops_pipeline to 2026-07-17 06:00:00+00:00, run_after=2026-07-18 06:00:00+00:00
[2026-07-18T20:40:04.909+0000] {processor.py:183} INFO - Processing /opt/airflow/dags/dataops_pipeline.py took 0.275 seconds
[2026-07-18T20:40:35.105+0000] {processor.py:161} INFO - Started process (PID=172) to work on /opt/airflow/dags/dataops_pipeline.py
[2026-07-18T20:40:35.106+0000] {processor.py:830} INFO - Processing file /opt/airflow/dags/dataops_pipeline.py for tasks to queue
[2026-07-18T20:40:35.108+0000] {logging_mixin.py:188} INFO - [2026-07-18T20:40:35.108+0000] {dagbag.py:538} INFO - Filling up the DagBag from /opt/airflow/dags/dataops_pipeline.py
[2026-07-18T20:40:35.132+0000] {processor.py:840} INFO - DAG(s) 'dataops_pipeline' retrieved from /opt/airflow/dags/dataops_pipeline.py
[2026-07-18T20:40:35.158+0000] {logging_mixin.py:188} INFO - [2026-07-18T20:40:35.157+0000] {dag.py:3036} INFO - Sync 1 DAGs
[2026-07-18T20:40:35.202+0000] {logging_mixin.py:188} INFO - [2026-07-18T20:40:35.201+0000] {dag.py:3823} INFO - Setting next_dagrun for dataops_pipeline to 2026-07-17 06:00:00+00:00, run_after=2026-07-18 06:00:00+00:00
[2026-07-18T20:40:35.238+0000] {processor.py:183} INFO - Processing /opt/airflow/dags/dataops_pipeline.py took 0.139 seconds
[2026-07-18T20:41:05.289+0000] {processor.py:161} INFO - Started process (PID=177) to work on /opt/airflow/dags/dataops_pipeline.py
[2026-07-18T20:41:05.291+0000] {processor.py:830} INFO - Processing file /opt/airflow/dags/dataops_pipeline.py for tasks to queue
[2026-07-18T20:41:05.293+0000] {logging_mixin.py:188} INFO - [2026-07-18T20:41:05.292+0000] {dagbag.py:538} INFO - Filling up the DagBag from /opt/airflow/dags/dataops_pipeline.py
[2026-07-18T20:41:05.317+0000] {processor.py:840} INFO - DAG(s) 'dataops_pipeline' retrieved from /opt/airflow/dags/dataops_pipeline.py
[2026-07-18T20:41:05.344+0000] {logging_mixin.py:188} INFO - [2026-07-18T20:41:05.343+0000] {dag.py:3036} INFO - Sync 1 DAGs
[2026-07-18T20:41:05.383+0000] {logging_mixin.py:188} INFO - [2026-07-18T20:41:05.383+0000] {dag.py:3823} INFO - Setting next_dagrun for dataops_pipeline to 2026-07-17 06:00:00+00:00, run_after=2026-07-18 06:00:00+00:00
[2026-07-18T20:41:05.424+0000] {processor.py:183} INFO - Processing /opt/airflow/dags/dataops_pipeline.py took 0.140 seconds
[2026-07-18T20:41:35.595+0000] {processor.py:161} INFO - Started process (PID=182) to work on /opt/airflow/dags/dataops_pipeline.py
[2026-07-18T20:41:35.596+0000] {processor.py:830} INFO - Processing file /opt/airflow/dags/dataops_pipeline.py for tasks to queue
[2026-07-18T20:41:35.598+0000] {logging_mixin.py:188} INFO - [2026-07-18T20:41:35.597+0000] {dagbag.py:538} INFO - Filling up the DagBag from /opt/airflow/dags/dataops_pipeline.py
[2026-07-18T20:41:35.621+0000] {processor.py:840} INFO - DAG(s) 'dataops_pipeline' retrieved from /opt/airflow/dags/dataops_pipeline.py
[2026-07-18T20:41:35.645+0000] {logging_mixin.py:188} INFO - [2026-07-18T20:41:35.644+0000] {dag.py:3036} INFO - Sync 1 DAGs
[2026-07-18T20:41:35.682+0000] {logging_mixin.py:188} INFO - [2026-07-18T20:41:35.682+0000] {dag.py:3823} INFO - Setting next_dagrun for dataops_pipeline to 2026-07-17 06:00:00+00:00, run_after=2026-07-18 06:00:00+00:00
[2026-07-18T20:41:35.716+0000] {processor.py:183} INFO - Processing /opt/airflow/dags/dataops_pipeline.py took 0.125 seconds
[2026-07-18T20:42:05.774+0000] {processor.py:161} INFO - Started process (PID=187) to work on /opt/airflow/dags/dataops_pipeline.py
[2026-07-18T20:42:05.776+0000] {processor.py:830} INFO - Processing file /opt/airflow/dags/dataops_pipeline.py for tasks to queue
[2026-07-18T20:42:05.778+0000] {logging_mixin.py:188} INFO - [2026-07-18T20:42:05.777+0000] {dagbag.py:538} INFO - Filling up the DagBag from /opt/airflow/dags/dataops_pipeline.py
[2026-07-18T20:42:05.802+0000] {processor.py:840} INFO - DAG(s) 'dataops_pipeline' retrieved from /opt/airflow/dags/dataops_pipeline.py
[2026-07-18T20:42:05.829+0000] {logging_mixin.py:188} INFO - [2026-07-18T20:42:05.828+0000] {dag.py:3036} INFO - Sync 1 DAGs
[2026-07-18T20:42:05.878+0000] {logging_mixin.py:188} INFO - [2026-07-18T20:42:05.878+0000] {dag.py:3823} INFO - Setting next_dagrun for dataops_pipeline to 2026-07-17 06:00:00+00:00, run_after=2026-07-18 06:00:00+00:00
[2026-07-18T20:42:05.912+0000] {processor.py:183} INFO - Processing /opt/airflow/dags/dataops_pipeline.py took 0.142 seconds
[2026-07-18T20:42:36.057+0000] {processor.py:161} INFO - Started process (PID=192) to work on /opt/airflow/dags/dataops_pipeline.py
[2026-07-18T20:42:36.058+0000] {processor.py:830} INFO - Processing file /opt/airflow/dags/dataops_pipeline.py for tasks to queue
[2026-07-18T20:42:36.060+0000] {logging_mixin.py:188} INFO - [2026-07-18T20:42:36.060+0000] {dagbag.py:538} INFO - Filling up the DagBag from /opt/airflow/dags/dataops_pipeline.py
[2026-07-18T20:42:36.087+0000] {processor.py:840} INFO - DAG(s) 'dataops_pipeline' retrieved from /opt/airflow/dags/dataops_pipeline.py
[2026-07-18T20:42:36.110+0000] {logging_mixin.py:188} INFO - [2026-07-18T20:42:36.110+0000] {dag.py:3036} INFO - Sync 1 DAGs
[2026-07-18T20:42:36.149+0000] {logging_mixin.py:188} INFO - [2026-07-18T20:42:36.149+0000] {dag.py:3823} INFO - Setting next_dagrun for dataops_pipeline to 2026-07-17 06:00:00+00:00, run_after=2026-07-18 06:00:00+00:00
[2026-07-18T20:42:36.187+0000] {processor.py:183} INFO - Processing /opt/airflow/dags/dataops_pipeline.py took 0.135 seconds
[2026-07-18T20:43:34.805+0000] {processor.py:161} INFO - Started process (PID=166) to work on /opt/airflow/dags/dataops_pipeline.py
[2026-07-18T20:43:34.808+0000] {processor.py:830} INFO - Processing file /opt/airflow/dags/dataops_pipeline.py for tasks to queue
[2026-07-18T20:43:34.811+0000] {logging_mixin.py:188} INFO - [2026-07-18T20:43:34.810+0000] {dagbag.py:538} INFO - Filling up the DagBag from /opt/airflow/dags/dataops_pipeline.py
[2026-07-18T20:43:34.883+0000] {processor.py:840} INFO - DAG(s) 'dataops_pipeline' retrieved from /opt/airflow/dags/dataops_pipeline.py
[2026-07-18T20:43:34.938+0000] {logging_mixin.py:188} INFO - [2026-07-18T20:43:34.938+0000] {dag.py:3036} INFO - Sync 1 DAGs
[2026-07-18T20:43:35.002+0000] {logging_mixin.py:188} INFO - [2026-07-18T20:43:35.001+0000] {dag.py:3823} INFO - Setting next_dagrun for dataops_pipeline to 2026-07-17 06:00:00+00:00, run_after=2026-07-18 06:00:00+00:00
[2026-07-18T20:43:35.072+0000] {processor.py:183} INFO - Processing /opt/airflow/dags/dataops_pipeline.py took 0.274 seconds
[2026-07-18T20:44:05.270+0000] {processor.py:161} INFO - Started process (PID=172) to work on /opt/airflow/dags/dataops_pipeline.py
[2026-07-18T20:44:05.272+0000] {processor.py:830} INFO - Processing file /opt/airflow/dags/dataops_pipeline.py for tasks to queue
[2026-07-18T20:44:05.275+0000] {logging_mixin.py:188} INFO - [2026-07-18T20:44:05.274+0000] {dagbag.py:538} INFO - Filling up the DagBag from /opt/airflow/dags/dataops_pipeline.py
[2026-07-18T20:44:05.302+0000] {processor.py:840} INFO - DAG(s) 'dataops_pipeline' retrieved from /opt/airflow/dags/dataops_pipeline.py
[2026-07-18T20:44:05.328+0000] {logging_mixin.py:188} INFO - [2026-07-18T20:44:05.327+0000] {dag.py:3036} INFO - Sync 1 DAGs
[2026-07-18T20:44:05.371+0000] {logging_mixin.py:188} INFO - [2026-07-18T20:44:05.370+0000] {dag.py:3823} INFO - Setting next_dagrun for dataops_pipeline to 2026-07-17 06:00:00+00:00, run_after=2026-07-18 06:00:00+00:00
[2026-07-18T20:44:05.407+0000] {processor.py:183} INFO - Processing /opt/airflow/dags/dataops_pipeline.py took 0.143 seconds
[2026-07-18T20:44:35.477+0000] {processor.py:161} INFO - Started process (PID=177) to work on /opt/airflow/dags/dataops_pipeline.py
[2026-07-18T20:44:35.479+0000] {processor.py:830} INFO - Processing file /opt/airflow/dags/dataops_pipeline.py for tasks to queue
[2026-07-18T20:44:35.482+0000] {logging_mixin.py:188} INFO - [2026-07-18T20:44:35.481+0000] {dagbag.py:538} INFO - Filling up the DagBag from /opt/airflow/dags/dataops_pipeline.py
[2026-07-18T20:44:35.511+0000] {processor.py:840} INFO - DAG(s) 'dataops_pipeline' retrieved from /opt/airflow/dags/dataops_pipeline.py
[2026-07-18T20:44:35.543+0000] {logging_mixin.py:188} INFO - [2026-07-18T20:44:35.542+0000] {dag.py:3036} INFO - Sync 1 DAGs
[2026-07-18T20:44:35.599+0000] {logging_mixin.py:188} INFO - [2026-07-18T20:44:35.599+0000] {dag.py:3823} INFO - Setting next_dagrun for dataops_pipeline to 2026-07-17 06:00:00+00:00, run_after=2026-07-18 06:00:00+00:00
[2026-07-18T20:44:35.634+0000] {processor.py:183} INFO - Processing /opt/airflow/dags/dataops_pipeline.py took 0.164 seconds
[2026-07-18T20:45:05.768+0000] {processor.py:161} INFO - Started process (PID=182) to work on /opt/airflow/dags/dataops_pipeline.py
[2026-07-18T20:45:05.769+0000] {processor.py:830} INFO - Processing file /opt/airflow/dags/dataops_pipeline.py for tasks to queue
[2026-07-18T20:45:05.771+0000] {logging_mixin.py:188} INFO - [2026-07-18T20:45:05.771+0000] {dagbag.py:538} INFO - Filling up the DagBag from /opt/airflow/dags/dataops_pipeline.py
[2026-07-18T20:45:05.795+0000] {processor.py:840} INFO - DAG(s) 'dataops_pipeline' retrieved from /opt/airflow/dags/dataops_pipeline.py
[2026-07-18T20:45:05.821+0000] {logging_mixin.py:188} INFO - [2026-07-18T20:45:05.820+0000] {dag.py:3036} INFO - Sync 1 DAGs
[2026-07-18T20:45:05.861+0000] {logging_mixin.py:188} INFO - [2026-07-18T20:45:05.861+0000] {dag.py:3823} INFO - Setting next_dagrun for dataops_pipeline to 2026-07-17 06:00:00+00:00, run_after=2026-07-18 06:00:00+00:00
[2026-07-18T20:45:05.899+0000] {processor.py:183} INFO - Processing /opt/airflow/dags/dataops_pipeline.py took 0.136 seconds
[2026-07-18T20:45:36.011+0000] {processor.py:161} INFO - Started process (PID=187) to work on /opt/airflow/dags/dataops_pipeline.py
[2026-07-18T20:45:36.012+0000] {processor.py:830} INFO - Processing file /opt/airflow/dags/dataops_pipeline.py for tasks to queue
[2026-07-18T20:45:36.014+0000] {logging_mixin.py:188} INFO - [2026-07-18T20:45:36.014+0000] {dagbag.py:538} INFO - Filling up the DagBag from /opt/airflow/dags/dataops_pipeline.py
[2026-07-18T20:45:36.039+0000] {processor.py:840} INFO - DAG(s) 'dataops_pipeline' retrieved from /opt/airflow/dags/dataops_pipeline.py
[2026-07-18T20:45:36.072+0000] {logging_mixin.py:188} INFO - [2026-07-18T20:45:36.072+0000] {dag.py:3036} INFO - Sync 1 DAGs
[2026-07-18T20:45:36.116+0000] {logging_mixin.py:188} INFO - [2026-07-18T20:45:36.115+0000] {dag.py:3823} INFO - Setting next_dagrun for dataops_pipeline to 2026-07-17 06:00:00+00:00, run_after=2026-07-18 06:00:00+00:00
[2026-07-18T20:45:36.147+0000] {processor.py:183} INFO - Processing /opt/airflow/dags/dataops_pipeline.py took 0.141 seconds
[2026-07-18T20:46:06.304+0000] {processor.py:161} INFO - Started process (PID=192) to work on /opt/airflow/dags/dataops_pipeline.py
[2026-07-18T20:46:06.308+0000] {processor.py:830} INFO - Processing file /opt/airflow/dags/dataops_pipeline.py for tasks to queue
[2026-07-18T20:46:06.312+0000] {logging_mixin.py:188} INFO - [2026-07-18T20:46:06.311+0000] {dagbag.py:538} INFO - Filling up the DagBag from /opt/airflow/dags/dataops_pipeline.py
[2026-07-18T20:46:06.378+0000] {processor.py:840} INFO - DAG(s) 'dataops_pipeline' retrieved from /opt/airflow/dags/dataops_pipeline.py
[2026-07-18T20:46:06.441+0000] {logging_mixin.py:188} INFO - [2026-07-18T20:46:06.440+0000] {dag.py:3036} INFO - Sync 1 DAGs
[2026-07-18T20:46:06.521+0000] {logging_mixin.py:188} INFO - [2026-07-18T20:46:06.520+0000] {dag.py:3823} INFO - Setting next_dagrun for dataops_pipeline to 2026-07-17 06:00:00+00:00, run_after=2026-07-18 06:00:00+00:00
[2026-07-18T20:46:06.576+0000] {processor.py:183} INFO - Processing /opt/airflow/dags/dataops_pipeline.py took 0.281 seconds
[2026-07-18T20:46:36.769+0000] {processor.py:161} INFO - Started process (PID=197) to work on /opt/airflow/dags/dataops_pipeline.py
[2026-07-18T20:46:36.770+0000] {processor.py:830} INFO - Processing file /opt/airflow/dags/dataops_pipeline.py for tasks to queue
[2026-07-18T20:46:36.772+0000] {logging_mixin.py:188} INFO - [2026-07-18T20:46:36.772+0000] {dagbag.py:538} INFO - Filling up the DagBag from /opt/airflow/dags/dataops_pipeline.py
[2026-07-18T20:46:36.797+0000] {processor.py:840} INFO - DAG(s) 'dataops_pipeline' retrieved from /opt/airflow/dags/dataops_pipeline.py
[2026-07-18T20:46:36.825+0000] {logging_mixin.py:188} INFO - [2026-07-18T20:46:36.824+0000] {dag.py:3036} INFO - Sync 1 DAGs
[2026-07-18T20:46:36.883+0000] {logging_mixin.py:188} INFO - [2026-07-18T20:46:36.883+0000] {dag.py:3823} INFO - Setting next_dagrun for dataops_pipeline to 2026-07-17 06:00:00+00:00, run_after=2026-07-18 06:00:00+00:00
[2026-07-18T20:46:36.913+0000] {processor.py:183} INFO - Processing /opt/airflow/dags/dataops_pipeline.py took 0.150 seconds
[2026-07-18T20:47:06.962+0000] {processor.py:161} INFO - Started process (PID=202) to work on /opt/airflow/dags/dataops_pipeline.py
[2026-07-18T20:47:06.964+0000] {processor.py:830} INFO - Processing file /opt/airflow/dags/dataops_pipeline.py for tasks to queue
[2026-07-18T20:47:06.966+0000] {logging_mixin.py:188} INFO - [2026-07-18T20:47:06.966+0000] {dagbag.py:538} INFO - Filling up the DagBag from /opt/airflow/dags/dataops_pipeline.py
[2026-07-18T20:47:06.996+0000] {processor.py:840} INFO - DAG(s) 'dataops_pipeline' retrieved from /opt/airflow/dags/dataops_pipeline.py
[2026-07-18T20:47:07.027+0000] {logging_mixin.py:188} INFO - [2026-07-18T20:47:07.026+0000] {dag.py:3036} INFO - Sync 1 DAGs
[2026-07-18T20:47:07.074+0000] {logging_mixin.py:188} INFO - [2026-07-18T20:47:07.074+0000] {dag.py:3823} INFO - Setting next_dagrun for dataops_pipeline to 2026-07-17 06:00:00+00:00, run_after=2026-07-18 06:00:00+00:00
[2026-07-18T20:47:07.109+0000] {processor.py:183} INFO - Processing /opt/airflow/dags/dataops_pipeline.py took 0.153 seconds
[2026-07-18T20:49:18.301+0000] {processor.py:161} INFO - Started process (PID=166) to work on /opt/airflow/dags/dataops_pipeline.py
[2026-07-18T20:49:18.303+0000] {processor.py:830} INFO - Processing file /opt/airflow/dags/dataops_pipeline.py for tasks to queue
[2026-07-18T20:49:18.306+0000] {logging_mixin.py:188} INFO - [2026-07-18T20:49:18.305+0000] {dagbag.py:538} INFO - Filling up the DagBag from /opt/airflow/dags/dataops_pipeline.py
[2026-07-18T20:49:18.363+0000] {processor.py:840} INFO - DAG(s) 'dataops_pipeline' retrieved from /opt/airflow/dags/dataops_pipeline.py
[2026-07-18T20:49:18.426+0000] {logging_mixin.py:188} INFO - [2026-07-18T20:49:18.425+0000] {dag.py:3036} INFO - Sync 1 DAGs
[2026-07-18T20:49:18.470+0000] {logging_mixin.py:188} INFO - [2026-07-18T20:49:18.469+0000] {dag.py:3823} INFO - Setting next_dagrun for dataops_pipeline to 2026-07-17 06:00:00+00:00, run_after=2026-07-18 06:00:00+00:00
[2026-07-18T20:49:18.510+0000] {processor.py:183} INFO - Processing /opt/airflow/dags/dataops_pipeline.py took 0.215 seconds
[2026-07-18T20:49:48.705+0000] {processor.py:161} INFO - Started process (PID=172) to work on /opt/airflow/dags/dataops_pipeline.py
[2026-07-18T20:49:48.707+0000] {processor.py:830} INFO - Processing file /opt/airflow/dags/dataops_pipeline.py for tasks to queue
[2026-07-18T20:49:48.709+0000] {logging_mixin.py:188} INFO - [2026-07-18T20:49:48.708+0000] {dagbag.py:538} INFO - Filling up the DagBag from /opt/airflow/dags/dataops_pipeline.py
[2026-07-18T20:49:48.732+0000] {processor.py:840} INFO - DAG(s) 'dataops_pipeline' retrieved from /opt/airflow/dags/dataops_pipeline.py
[2026-07-18T20:49:48.758+0000] {logging_mixin.py:188} INFO - [2026-07-18T20:49:48.758+0000] {dag.py:3036} INFO - Sync 1 DAGs
[2026-07-18T20:49:48.801+0000] {logging_mixin.py:188} INFO - [2026-07-18T20:49:48.801+0000] {dag.py:3823} INFO - Setting next_dagrun for dataops_pipeline to 2026-07-17 06:00:00+00:00, run_after=2026-07-18 06:00:00+00:00
[2026-07-18T20:49:48.832+0000] {processor.py:183} INFO - Processing /opt/airflow/dags/dataops_pipeline.py took 0.133 seconds
[2026-07-18T20:50:18.909+0000] {processor.py:161} INFO - Started process (PID=177) to work on /opt/airflow/dags/dataops_pipeline.py
[2026-07-18T20:50:18.914+0000] {processor.py:830} INFO - Processing file /opt/airflow/dags/dataops_pipeline.py for tasks to queue
[2026-07-18T20:50:18.917+0000] {logging_mixin.py:188} INFO - [2026-07-18T20:50:18.917+0000] {dagbag.py:538} INFO - Filling up the DagBag from /opt/airflow/dags/dataops_pipeline.py
[2026-07-18T20:50:18.979+0000] {processor.py:840} INFO - DAG(s) 'dataops_pipeline' retrieved from /opt/airflow/dags/dataops_pipeline.py
[2026-07-18T20:50:19.022+0000] {logging_mixin.py:188} INFO - [2026-07-18T20:50:19.022+0000] {dag.py:3036} INFO - Sync 1 DAGs
[2026-07-18T20:50:19.084+0000] {logging_mixin.py:188} INFO - [2026-07-18T20:50:19.084+0000] {dag.py:3823} INFO - Setting next_dagrun for dataops_pipeline to 2026-07-17 06:00:00+00:00, run_after=2026-07-18 06:00:00+00:00
[2026-07-18T20:50:19.126+0000] {processor.py:183} INFO - Processing /opt/airflow/dags/dataops_pipeline.py took 0.227 seconds
[2026-07-18T20:50:49.227+0000] {processor.py:161} INFO - Started process (PID=182) to work on /opt/airflow/dags/dataops_pipeline.py
[2026-07-18T20:50:49.235+0000] {processor.py:830} INFO - Processing file /opt/airflow/dags/dataops_pipeline.py for tasks to queue
[2026-07-18T20:50:49.238+0000] {logging_mixin.py:188} INFO - [2026-07-18T20:50:49.237+0000] {dagbag.py:538} INFO - Filling up the DagBag from /opt/airflow/dags/dataops_pipeline.py
[2026-07-18T20:50:49.287+0000] {processor.py:840} INFO - DAG(s) 'dataops_pipeline' retrieved from /opt/airflow/dags/dataops_pipeline.py
[2026-07-18T20:50:49.330+0000] {logging_mixin.py:188} INFO - [2026-07-18T20:50:49.330+0000] {dag.py:3036} INFO - Sync 1 DAGs
[2026-07-18T20:50:49.387+0000] {logging_mixin.py:188} INFO - [2026-07-18T20:50:49.386+0000] {dag.py:3823} INFO - Setting next_dagrun for dataops_pipeline to 2026-07-17 06:00:00+00:00, run_after=2026-07-18 06:00:00+00:00
[2026-07-18T20:50:49.425+0000] {processor.py:183} INFO - Processing /opt/airflow/dags/dataops_pipeline.py took 0.205 seconds
[2026-07-18T20:51:19.537+0000] {processor.py:161} INFO - Started process (PID=187) to work on /opt/airflow/dags/dataops_pipeline.py
[2026-07-18T20:51:19.538+0000] {processor.py:830} INFO - Processing file /opt/airflow/dags/dataops_pipeline.py for tasks to queue
[2026-07-18T20:51:19.540+0000] {logging_mixin.py:188} INFO - [2026-07-18T20:51:19.540+0000] {dagbag.py:538} INFO - Filling up the DagBag from /opt/airflow/dags/dataops_pipeline.py
[2026-07-18T20:51:19.567+0000] {processor.py:840} INFO - DAG(s) 'dataops_pipeline' retrieved from /opt/airflow/dags/dataops_pipeline.py
[2026-07-18T20:51:19.594+0000] {logging_mixin.py:188} INFO - [2026-07-18T20:51:19.593+0000] {dag.py:3036} INFO - Sync 1 DAGs
[2026-07-18T20:51:19.638+0000] {logging_mixin.py:188} INFO - [2026-07-18T20:51:19.637+0000] {dag.py:3823} INFO - Setting next_dagrun for dataops_pipeline to 2026-07-17 06:00:00+00:00, run_after=2026-07-18 06:00:00+00:00
[2026-07-18T20:51:19.678+0000] {processor.py:183} INFO - Processing /opt/airflow/dags/dataops_pipeline.py took 0.147 seconds
[2026-07-18T20:51:49.807+0000] {processor.py:161} INFO - Started process (PID=192) to work on /opt/airflow/dags/dataops_pipeline.py
[2026-07-18T20:51:49.808+0000] {processor.py:830} INFO - Processing file /opt/airflow/dags/dataops_pipeline.py for tasks to queue
[2026-07-18T20:51:49.811+0000] {logging_mixin.py:188} INFO - [2026-07-18T20:51:49.810+0000] {dagbag.py:538} INFO - Filling up the DagBag from /opt/airflow/dags/dataops_pipeline.py
[2026-07-18T20:51:49.847+0000] {processor.py:840} INFO - DAG(s) 'dataops_pipeline' retrieved from /opt/airflow/dags/dataops_pipeline.py
[2026-07-18T20:51:49.873+0000] {logging_mixin.py:188} INFO - [2026-07-18T20:51:49.872+0000] {dag.py:3036} INFO - Sync 1 DAGs
[2026-07-18T20:51:49.930+0000] {logging_mixin.py:188} INFO - [2026-07-18T20:51:49.930+0000] {dag.py:3823} INFO - Setting next_dagrun for dataops_pipeline to 2026-07-17 06:00:00+00:00, run_after=2026-07-18 06:00:00+00:00
[2026-07-18T20:51:49.975+0000] {processor.py:183} INFO - Processing /opt/airflow/dags/dataops_pipeline.py took 0.173 seconds
[2026-07-18T20:52:20.053+0000] {processor.py:161} INFO - Started process (PID=197) to work on /opt/airflow/dags/dataops_pipeline.py
[2026-07-18T20:52:20.055+0000] {processor.py:830} INFO - Processing file /opt/airflow/dags/dataops_pipeline.py for tasks to queue
[2026-07-18T20:52:20.058+0000] {logging_mixin.py:188} INFO - [2026-07-18T20:52:20.057+0000] {dagbag.py:538} INFO - Filling up the DagBag from /opt/airflow/dags/dataops_pipeline.py
[2026-07-18T20:52:20.092+0000] {processor.py:840} INFO - DAG(s) 'dataops_pipeline' retrieved from /opt/airflow/dags/dataops_pipeline.py
[2026-07-18T20:52:20.131+0000] {logging_mixin.py:188} INFO - [2026-07-18T20:52:20.130+0000] {dag.py:3036} INFO - Sync 1 DAGs
[2026-07-18T20:52:20.199+0000] {logging_mixin.py:188} INFO - [2026-07-18T20:52:20.199+0000] {dag.py:3823} INFO - Setting next_dagrun for dataops_pipeline to 2026-07-17 06:00:00+00:00, run_after=2026-07-18 06:00:00+00:00
[2026-07-18T20:52:20.248+0000] {processor.py:183} INFO - Processing /opt/airflow/dags/dataops_pipeline.py took 0.201 seconds
[2026-07-18T20:52:50.350+0000] {processor.py:161} INFO - Started process (PID=202) to work on /opt/airflow/dags/dataops_pipeline.py
[2026-07-18T20:52:50.351+0000] {processor.py:830} INFO - Processing file /opt/airflow/dags/dataops_pipeline.py for tasks to queue
[2026-07-18T20:52:50.353+0000] {logging_mixin.py:188} INFO - [2026-07-18T20:52:50.353+0000] {dagbag.py:538} INFO - Filling up the DagBag from /opt/airflow/dags/dataops_pipeline.py
[2026-07-18T20:52:50.377+0000] {processor.py:840} INFO - DAG(s) 'dataops_pipeline' retrieved from /opt/airflow/dags/dataops_pipeline.py
[2026-07-18T20:52:50.404+0000] {logging_mixin.py:188} INFO - [2026-07-18T20:52:50.404+0000] {dag.py:3036} INFO - Sync 1 DAGs
[2026-07-18T20:52:50.448+0000] {logging_mixin.py:188} INFO - [2026-07-18T20:52:50.447+0000] {dag.py:3823} INFO - Setting next_dagrun for dataops_pipeline to 2026-07-17 06:00:00+00:00, run_after=2026-07-18 06:00:00+00:00
[2026-07-18T20:52:50.476+0000] {processor.py:183} INFO - Processing /opt/airflow/dags/dataops_pipeline.py took 0.131 seconds
[2026-07-18T20:53:20.636+0000] {processor.py:161} INFO - Started process (PID=207) to work on /opt/airflow/dags/dataops_pipeline.py
[2026-07-18T20:53:20.637+0000] {processor.py:830} INFO - Processing file /opt/airflow/dags/dataops_pipeline.py for tasks to queue
[2026-07-18T20:53:20.639+0000] {logging_mixin.py:188} INFO - [2026-07-18T20:53:20.639+0000] {dagbag.py:538} INFO - Filling up the DagBag from /opt/airflow/dags/dataops_pipeline.py
[2026-07-18T20:53:20.664+0000] {processor.py:840} INFO - DAG(s) 'dataops_pipeline' retrieved from /opt/airflow/dags/dataops_pipeline.py
[2026-07-18T20:53:20.688+0000] {logging_mixin.py:188} INFO - [2026-07-18T20:53:20.687+0000] {dag.py:3036} INFO - Sync 1 DAGs
[2026-07-18T20:53:20.728+0000] {logging_mixin.py:188} INFO - [2026-07-18T20:53:20.728+0000] {dag.py:3823} INFO - Setting next_dagrun for dataops_pipeline to 2026-07-17 06:00:00+00:00, run_after=2026-07-18 06:00:00+00:00
[2026-07-18T20:53:20.765+0000] {processor.py:183} INFO - Processing /opt/airflow/dags/dataops_pipeline.py took 0.136 seconds
[2026-07-18T20:53:50.826+0000] {processor.py:161} INFO - Started process (PID=212) to work on /opt/airflow/dags/dataops_pipeline.py
[2026-07-18T20:53:50.827+0000] {processor.py:830} INFO - Processing file /opt/airflow/dags/dataops_pipeline.py for tasks to queue
[2026-07-18T20:53:50.829+0000] {logging_mixin.py:188} INFO - [2026-07-18T20:53:50.829+0000] {dagbag.py:538} INFO - Filling up the DagBag from /opt/airflow/dags/dataops_pipeline.py
[2026-07-18T20:53:50.852+0000] {processor.py:840} INFO - DAG(s) 'dataops_pipeline' retrieved from /opt/airflow/dags/dataops_pipeline.py
[2026-07-18T20:53:50.880+0000] {logging_mixin.py:188} INFO - [2026-07-18T20:53:50.879+0000] {dag.py:3036} INFO - Sync 1 DAGs
[2026-07-18T20:53:50.921+0000] {logging_mixin.py:188} INFO - [2026-07-18T20:53:50.920+0000] {dag.py:3823} INFO - Setting next_dagrun for dataops_pipeline to 2026-07-17 06:00:00+00:00, run_after=2026-07-18 06:00:00+00:00
[2026-07-18T20:53:50.957+0000] {processor.py:183} INFO - Processing /opt/airflow/dags/dataops_pipeline.py took 0.136 seconds
[2026-07-18T20:54:21.161+0000] {processor.py:161} INFO - Started process (PID=217) to work on /opt/airflow/dags/dataops_pipeline.py
[2026-07-18T20:54:21.162+0000] {processor.py:830} INFO - Processing file /opt/airflow/dags/dataops_pipeline.py for tasks to queue
[2026-07-18T20:54:21.164+0000] {logging_mixin.py:188} INFO - [2026-07-18T20:54:21.164+0000] {dagbag.py:538} INFO - Filling up the DagBag from /opt/airflow/dags/dataops_pipeline.py
[2026-07-18T20:54:21.199+0000] {processor.py:840} INFO - DAG(s) 'dataops_pipeline' retrieved from /opt/airflow/dags/dataops_pipeline.py
[2026-07-18T20:54:21.234+0000] {logging_mixin.py:188} INFO - [2026-07-18T20:54:21.233+0000] {dag.py:3036} INFO - Sync 1 DAGs
[2026-07-18T20:54:21.290+0000] {logging_mixin.py:188} INFO - [2026-07-18T20:54:21.290+0000] {dag.py:3823} INFO - Setting next_dagrun for dataops_pipeline to 2026-07-17 06:00:00+00:00, run_after=2026-07-18 06:00:00+00:00
[2026-07-18T20:54:21.331+0000] {processor.py:183} INFO - Processing /opt/airflow/dags/dataops_pipeline.py took 0.176 seconds
[2026-07-18T20:54:51.528+0000] {processor.py:161} INFO - Started process (PID=222) to work on /opt/airflow/dags/dataops_pipeline.py
[2026-07-18T20:54:51.530+0000] {processor.py:830} INFO - Processing file /opt/airflow/dags/dataops_pipeline.py for tasks to queue
[2026-07-18T20:54:51.532+0000] {logging_mixin.py:188} INFO - [2026-07-18T20:54:51.532+0000] {dagbag.py:538} INFO - Filling up the DagBag from /opt/airflow/dags/dataops_pipeline.py
[2026-07-18T20:54:51.580+0000] {processor.py:840} INFO - DAG(s) 'dataops_pipeline' retrieved from /opt/airflow/dags/dataops_pipeline.py
[2026-07-18T20:54:51.613+0000] {logging_mixin.py:188} INFO - [2026-07-18T20:54:51.612+0000] {dag.py:3036} INFO - Sync 1 DAGs
[2026-07-18T20:54:51.666+0000] {logging_mixin.py:188} INFO - [2026-07-18T20:54:51.665+0000] {dag.py:3823} INFO - Setting next_dagrun for dataops_pipeline to 2026-07-17 06:00:00+00:00, run_after=2026-07-18 06:00:00+00:00
[2026-07-18T20:54:51.709+0000] {processor.py:183} INFO - Processing /opt/airflow/dags/dataops_pipeline.py took 0.188 seconds
[2026-07-18T20:55:21.903+0000] {processor.py:161} INFO - Started process (PID=227) to work on /opt/airflow/dags/dataops_pipeline.py
[2026-07-18T20:55:21.906+0000] {processor.py:830} INFO - Processing file /opt/airflow/dags/dataops_pipeline.py for tasks to queue
[2026-07-18T20:55:21.908+0000] {logging_mixin.py:188} INFO - [2026-07-18T20:55:21.908+0000] {dagbag.py:538} INFO - Filling up the DagBag from /opt/airflow/dags/dataops_pipeline.py
[2026-07-18T20:55:21.938+0000] {processor.py:840} INFO - DAG(s) 'dataops_pipeline' retrieved from /opt/airflow/dags/dataops_pipeline.py
[2026-07-18T20:55:21.969+0000] {logging_mixin.py:188} INFO - [2026-07-18T20:55:21.969+0000] {dag.py:3036} INFO - Sync 1 DAGs
[2026-07-18T20:55:22.020+0000] {logging_mixin.py:188} INFO - [2026-07-18T20:55:22.020+0000] {dag.py:3823} INFO - Setting next_dagrun for dataops_pipeline to 2026-07-17 06:00:00+00:00, run_after=2026-07-18 06:00:00+00:00
[2026-07-18T20:55:22.064+0000] {processor.py:183} INFO - Processing /opt/airflow/dags/dataops_pipeline.py took 0.169 seconds
[2026-07-18T20:55:23.921+0000] {processor.py:161} INFO - Started process (PID=232) to work on /opt/airflow/dags/dataops_pipeline.py
[2026-07-18T20:55:23.924+0000] {processor.py:830} INFO - Processing file /opt/airflow/dags/dataops_pipeline.py for tasks to queue
[2026-07-18T20:55:23.927+0000] {logging_mixin.py:188} INFO - [2026-07-18T20:55:23.926+0000] {dagbag.py:538} INFO - Filling up the DagBag from /opt/airflow/dags/dataops_pipeline.py
[2026-07-18T20:55:23.949+0000] {processor.py:840} INFO - DAG(s) 'dataops_pipeline' retrieved from /opt/airflow/dags/dataops_pipeline.py
[2026-07-18T20:55:23.977+0000] {logging_mixin.py:188} INFO - [2026-07-18T20:55:23.976+0000] {dag.py:3036} INFO - Sync 1 DAGs
[2026-07-18T20:55:24.023+0000] {logging_mixin.py:188} INFO - [2026-07-18T20:55:24.023+0000] {dag.py:3823} INFO - Setting next_dagrun for dataops_pipeline to 2026-07-17 00:00:00+00:00, run_after=2026-07-18 00:00:00+00:00
[2026-07-18T20:55:24.065+0000] {processor.py:183} INFO - Processing /opt/airflow/dags/dataops_pipeline.py took 0.150 seconds
[2026-07-18T20:55:54.107+0000] {processor.py:161} INFO - Started process (PID=237) to work on /opt/airflow/dags/dataops_pipeline.py
[2026-07-18T20:55:54.109+0000] {processor.py:830} INFO - Processing file /opt/airflow/dags/dataops_pipeline.py for tasks to queue
[2026-07-18T20:55:54.111+0000] {logging_mixin.py:188} INFO - [2026-07-18T20:55:54.111+0000] {dagbag.py:538} INFO - Filling up the DagBag from /opt/airflow/dags/dataops_pipeline.py
[2026-07-18T20:55:54.136+0000] {processor.py:840} INFO - DAG(s) 'dataops_pipeline' retrieved from /opt/airflow/dags/dataops_pipeline.py
[2026-07-18T20:55:54.167+0000] {logging_mixin.py:188} INFO - [2026-07-18T20:55:54.167+0000] {dag.py:3036} INFO - Sync 1 DAGs
[2026-07-18T20:55:54.217+0000] {logging_mixin.py:188} INFO - [2026-07-18T20:55:54.217+0000] {dag.py:3823} INFO - Setting next_dagrun for dataops_pipeline to 2026-07-17 00:00:00+00:00, run_after=2026-07-18 00:00:00+00:00
[2026-07-18T20:55:54.258+0000] {processor.py:183} INFO - Processing /opt/airflow/dags/dataops_pipeline.py took 0.158 seconds
