[2026-07-18T19:40:40.964+0000] {manager.py:469} INFO - Processing files using up to 2 processes at a time 
[2026-07-18T19:40:40.965+0000] {manager.py:470} INFO - Process each file at most once every 30 seconds
[2026-07-18T19:40:40.965+0000] {manager.py:471} INFO - Checking for new files in /opt/airflow/dags every 300 seconds
[2026-07-18T19:40:40.966+0000] {manager.py:738} INFO - Searching for files in /opt/airflow/dags
[2026-07-18T19:40:40.979+0000] {manager.py:741} INFO - There are 1 files in /opt/airflow/dags
[2026-07-18T19:40:41.110+0000] {manager.py:879} INFO - 
================================================================================
DAG File Processing Stats

File Path                                PID  Runtime      # DAGs    # Errors  Last Runtime    Last Run
-------------------------------------  -----  ---------  --------  ----------  --------------  ----------
/opt/airflow/dags/dataops_pipeline.py    167  0.05s             0           0
================================================================================
[2026-07-18T19:41:11.235+0000] {manager.py:879} INFO - 
================================================================================
DAG File Processing Stats

File Path                              PID    Runtime      # DAGs    # Errors  Last Runtime    Last Run
-------------------------------------  -----  ---------  --------  ----------  --------------  -------------------
/opt/airflow/dags/dataops_pipeline.py                           1           0  0.76s           2026-07-18T19:40:41
================================================================================
[2026-07-18T19:41:42.111+0000] {manager.py:879} INFO - 
================================================================================
DAG File Processing Stats

File Path                              PID    Runtime      # DAGs    # Errors  Last Runtime    Last Run
-------------------------------------  -----  ---------  --------  ----------  --------------  -------------------
/opt/airflow/dags/dataops_pipeline.py                           1           0  0.15s           2026-07-18T19:41:12
================================================================================
[2026-07-18T19:42:12.407+0000] {manager.py:879} INFO - 
================================================================================
DAG File Processing Stats

File Path                                PID  Runtime      # DAGs    # Errors  Last Runtime    Last Run
-------------------------------------  -----  ---------  --------  ----------  --------------  -------------------
/opt/airflow/dags/dataops_pipeline.py    182  0.00s             1           0  0.12s           2026-07-18T19:41:42
================================================================================
[2026-07-18T19:42:42.728+0000] {manager.py:879} INFO - 
================================================================================
DAG File Processing Stats

File Path                                PID  Runtime      # DAGs    # Errors  Last Runtime    Last Run
-------------------------------------  -----  ---------  --------  ----------  --------------  -------------------
/opt/airflow/dags/dataops_pipeline.py    187  0.00s             1           0  0.12s           2026-07-18T19:42:12
================================================================================
[2026-07-18T19:43:12.939+0000] {manager.py:879} INFO - 
================================================================================
DAG File Processing Stats

File Path                                PID  Runtime      # DAGs    # Errors  Last Runtime    Last Run
-------------------------------------  -----  ---------  --------  ----------  --------------  -------------------
/opt/airflow/dags/dataops_pipeline.py    192  0.00s             1           0  0.12s           2026-07-18T19:42:42
================================================================================
[2026-07-18T19:43:43.216+0000] {manager.py:879} INFO - 
================================================================================
DAG File Processing Stats

File Path                                PID  Runtime      # DAGs    # Errors  Last Runtime    Last Run
-------------------------------------  -----  ---------  --------  ----------  --------------  -------------------
/opt/airflow/dags/dataops_pipeline.py    197  0.00s             1           0  0.23s           2026-07-18T19:43:13
================================================================================
[2026-07-18T19:44:13.562+0000] {manager.py:879} INFO - 
================================================================================
DAG File Processing Stats

File Path                                PID  Runtime      # DAGs    # Errors  Last Runtime    Last Run
-------------------------------------  -----  ---------  --------  ----------  --------------  -------------------
/opt/airflow/dags/dataops_pipeline.py    202  0.00s             1           0  0.17s           2026-07-18T19:43:43
================================================================================
[2026-07-18T19:44:43.788+0000] {manager.py:879} INFO - 
================================================================================
DAG File Processing Stats

File Path                              PID    Runtime      # DAGs    # Errors  Last Runtime    Last Run
-------------------------------------  -----  ---------  --------  ----------  --------------  -------------------
/opt/airflow/dags/dataops_pipeline.py                           1           0  0.23s           2026-07-18T19:44:13
================================================================================
[2026-07-18T19:44:52.647+0000] {manager.py:451} INFO - Exiting gracefully upon receiving signal 15
[2026-07-18T19:45:25.380+0000] {manager.py:469} INFO - Processing files using up to 2 processes at a time 
[2026-07-18T19:45:25.382+0000] {manager.py:470} INFO - Process each file at most once every 30 seconds
[2026-07-18T19:45:25.382+0000] {manager.py:471} INFO - Checking for new files in /opt/airflow/dags every 300 seconds
[2026-07-18T19:45:25.383+0000] {manager.py:738} INFO - Searching for files in /opt/airflow/dags
[2026-07-18T19:45:25.386+0000] {manager.py:741} INFO - There are 1 files in /opt/airflow/dags
[2026-07-18T19:45:25.499+0000] {manager.py:879} INFO - 
================================================================================
DAG File Processing Stats

File Path                                PID  Runtime      # DAGs    # Errors  Last Runtime    Last Run
-------------------------------------  -----  ---------  --------  ----------  --------------  ----------
/opt/airflow/dags/dataops_pipeline.py    166  0.05s             0           0
================================================================================
[2026-07-18T19:45:55.635+0000] {manager.py:879} INFO - 
================================================================================
DAG File Processing Stats

File Path                              PID    Runtime      # DAGs    # Errors  Last Runtime    Last Run
-------------------------------------  -----  ---------  --------  ----------  --------------  -------------------
/opt/airflow/dags/dataops_pipeline.py                           1           0  0.26s           2026-07-18T19:45:25
================================================================================
[2026-07-18T19:46:26.002+0000] {manager.py:879} INFO - 
================================================================================
DAG File Processing Stats

File Path                                PID  Runtime      # DAGs    # Errors  Last Runtime    Last Run
-------------------------------------  -----  ---------  --------  ----------  --------------  -------------------
/opt/airflow/dags/dataops_pipeline.py    177  0.00s             1           0  0.15s           2026-07-18T19:45:55
================================================================================
[2026-07-18T19:46:56.278+0000] {manager.py:879} INFO - 
================================================================================
DAG File Processing Stats

File Path                                PID  Runtime      # DAGs    # Errors  Last Runtime    Last Run
-------------------------------------  -----  ---------  --------  ----------  --------------  -------------------
/opt/airflow/dags/dataops_pipeline.py    182  0.00s             1           0  0.14s           2026-07-18T19:46:26
================================================================================
[2026-07-18T20:33:58.089+0000] {manager.py:451} INFO - Exiting gracefully upon receiving signal 15
[2026-07-18T20:33:58.564+0000] {manager.py:469} INFO - Processing files using up to 2 processes at a time 
[2026-07-18T20:33:58.564+0000] {manager.py:470} INFO - Process each file at most once every 30 seconds
[2026-07-18T20:33:58.566+0000] {manager.py:471} INFO - Checking for new files in /opt/airflow/dags every 300 seconds
[2026-07-18T20:33:58.566+0000] {manager.py:738} INFO - Searching for files in /opt/airflow/dags
[2026-07-18T20:33:58.574+0000] {manager.py:741} INFO - There are 1 files in /opt/airflow/dags
[2026-07-18T20:33:58.662+0000] {manager.py:879} INFO - 
================================================================================
DAG File Processing Stats

File Path                                PID  Runtime      # DAGs    # Errors  Last Runtime    Last Run
-------------------------------------  -----  ---------  --------  ----------  --------------  ----------
/opt/airflow/dags/dataops_pipeline.py    194  0.03s             0           0
================================================================================
[2026-07-18T20:34:28.832+0000] {manager.py:879} INFO - 
================================================================================
DAG File Processing Stats

File Path                              PID    Runtime      # DAGs    # Errors  Last Runtime    Last Run
-------------------------------------  -----  ---------  --------  ----------  --------------  -------------------
/opt/airflow/dags/dataops_pipeline.py                           1           0  0.42s           2026-07-18T20:33:59
================================================================================
[2026-07-18T20:34:59.491+0000] {manager.py:879} INFO - 
================================================================================
DAG File Processing Stats

File Path                                PID  Runtime      # DAGs    # Errors  Last Runtime    Last Run
-------------------------------------  -----  ---------  --------  ----------  --------------  -------------------
/opt/airflow/dags/dataops_pipeline.py    204  0.00s             1           0  0.14s           2026-07-18T20:34:29
================================================================================
[2026-07-18T20:35:29.811+0000] {manager.py:879} INFO - 
================================================================================
DAG File Processing Stats

File Path                                PID  Runtime      # DAGs    # Errors  Last Runtime    Last Run
-------------------------------------  -----  ---------  --------  ----------  --------------  -------------------
/opt/airflow/dags/dataops_pipeline.py    209  0.01s             1           0  0.23s           2026-07-18T20:34:59
================================================================================
[2026-07-18T20:36:00.153+0000] {manager.py:879} INFO - 
================================================================================
DAG File Processing Stats

File Path                                PID  Runtime      # DAGs    # Errors  Last Runtime    Last Run
-------------------------------------  -----  ---------  --------  ----------  --------------  -------------------
/opt/airflow/dags/dataops_pipeline.py    214  0.00s             1           0  0.12s           2026-07-18T20:35:29
================================================================================
[2026-07-18T20:36:12.671+0000] {manager.py:451} INFO - Exiting gracefully upon receiving signal 15
[2026-07-18T20:36:43.978+0000] {manager.py:469} INFO - Processing files using up to 2 processes at a time 
[2026-07-18T20:36:43.979+0000] {manager.py:470} INFO - Process each file at most once every 30 seconds
[2026-07-18T20:36:43.980+0000] {manager.py:471} INFO - Checking for new files in /opt/airflow/dags every 300 seconds
[2026-07-18T20:36:43.980+0000] {manager.py:738} INFO - Searching for files in /opt/airflow/dags
[2026-07-18T20:36:43.988+0000] {manager.py:741} INFO - There are 1 files in /opt/airflow/dags
[2026-07-18T20:36:44.104+0000] {manager.py:879} INFO - 
================================================================================
DAG File Processing Stats

File Path                                PID  Runtime      # DAGs    # Errors  Last Runtime    Last Run
-------------------------------------  -----  ---------  --------  ----------  --------------  ----------
/opt/airflow/dags/dataops_pipeline.py    166  0.04s             0           0
================================================================================
[2026-07-18T20:37:14.238+0000] {manager.py:879} INFO - 
================================================================================
DAG File Processing Stats

File Path                              PID    Runtime      # DAGs    # Errors  Last Runtime    Last Run
-------------------------------------  -----  ---------  --------  ----------  --------------  -------------------
/opt/airflow/dags/dataops_pipeline.py                           1           0  0.19s           2026-07-18T20:36:44
================================================================================
[2026-07-18T20:37:44.550+0000] {manager.py:879} INFO - 
================================================================================
DAG File Processing Stats

File Path                                PID  Runtime      # DAGs    # Errors  Last Runtime    Last Run
-------------------------------------  -----  ---------  --------  ----------  --------------  -------------------
/opt/airflow/dags/dataops_pipeline.py    177  0.00s             1           0  0.16s           2026-07-18T20:37:14
================================================================================
[2026-07-18T20:38:14.739+0000] {manager.py:879} INFO - 
================================================================================
DAG File Processing Stats

File Path                                PID  Runtime      # DAGs    # Errors  Last Runtime    Last Run
-------------------------------------  -----  ---------  --------  ----------  --------------  -------------------
/opt/airflow/dags/dataops_pipeline.py    182  0.00s             1           0  0.11s           2026-07-18T20:37:44
================================================================================
[2026-07-18T20:38:45.023+0000] {manager.py:879} INFO - 
================================================================================
DAG File Processing Stats

File Path                                PID  Runtime      # DAGs    # Errors  Last Runtime    Last Run
-------------------------------------  -----  ---------  --------  ----------  --------------  -------------------
/opt/airflow/dags/dataops_pipeline.py    187  0.01s             1           0  0.12s           2026-07-18T20:38:14
================================================================================
[2026-07-18T20:39:15.255+0000] {manager.py:879} INFO - 
================================================================================
DAG File Processing Stats

File Path                                PID  Runtime      # DAGs    # Errors  Last Runtime    Last Run
-------------------------------------  -----  ---------  --------  ----------  --------------  -------------------
/opt/airflow/dags/dataops_pipeline.py    192  0.00s             1           0  0.12s           2026-07-18T20:38:45
================================================================================
[2026-07-18T20:39:24.969+0000] {manager.py:451} INFO - Exiting gracefully upon receiving signal 15
[2026-07-18T20:40:04.474+0000] {manager.py:469} INFO - Processing files using up to 2 processes at a time 
[2026-07-18T20:40:04.475+0000] {manager.py:470} INFO - Process each file at most once every 30 seconds
[2026-07-18T20:40:04.477+0000] {manager.py:471} INFO - Checking for new files in /opt/airflow/dags every 300 seconds
[2026-07-18T20:40:04.478+0000] {manager.py:738} INFO - Searching for files in /opt/airflow/dags
[2026-07-18T20:40:04.484+0000] {manager.py:741} INFO - There are 1 files in /opt/airflow/dags
[2026-07-18T20:40:04.693+0000] {manager.py:879} INFO - 
================================================================================
DAG File Processing Stats

File Path                                PID  Runtime      # DAGs    # Errors  Last Runtime    Last Run
-------------------------------------  -----  ---------  --------  ----------  --------------  ----------
/opt/airflow/dags/dataops_pipeline.py    167  0.07s             0           0
================================================================================
[2026-07-18T20:40:34.889+0000] {manager.py:879} INFO - 
================================================================================
DAG File Processing Stats

File Path                              PID    Runtime      # DAGs    # Errors  Last Runtime    Last Run
-------------------------------------  -----  ---------  --------  ----------  --------------  -------------------
/opt/airflow/dags/dataops_pipeline.py                           1           0  0.31s           2026-07-18T20:40:04
================================================================================
[2026-07-18T20:41:05.278+0000] {manager.py:879} INFO - 
================================================================================
DAG File Processing Stats

File Path                                PID  Runtime      # DAGs    # Errors  Last Runtime    Last Run
-------------------------------------  -----  ---------  --------  ----------  --------------  -------------------
/opt/airflow/dags/dataops_pipeline.py    177  0.01s             1           0  0.17s           2026-07-18T20:40:35
================================================================================
[2026-07-18T20:41:35.585+0000] {manager.py:879} INFO - 
================================================================================
DAG File Processing Stats

File Path                                PID  Runtime      # DAGs    # Errors  Last Runtime    Last Run
-------------------------------------  -----  ---------  --------  ----------  --------------  -------------------
/opt/airflow/dags/dataops_pipeline.py    182  0.00s             1           0  0.16s           2026-07-18T20:41:05
================================================================================
[2026-07-18T20:42:05.763+0000] {manager.py:879} INFO - 
================================================================================
DAG File Processing Stats

File Path                                PID  Runtime      # DAGs    # Errors  Last Runtime    Last Run
-------------------------------------  -----  ---------  --------  ----------  --------------  -------------------
/opt/airflow/dags/dataops_pipeline.py    187  0.00s             1           0  0.15s           2026-07-18T20:41:35
================================================================================
[2026-07-18T20:42:36.046+0000] {manager.py:879} INFO - 
================================================================================
DAG File Processing Stats

File Path                                PID  Runtime      # DAGs    # Errors  Last Runtime    Last Run
-------------------------------------  -----  ---------  --------  ----------  --------------  -------------------
/opt/airflow/dags/dataops_pipeline.py    192  0.01s             1           0  0.17s           2026-07-18T20:42:05
================================================================================
[2026-07-18T20:42:48.129+0000] {manager.py:451} INFO - Exiting gracefully upon receiving signal 15
[2026-07-18T20:43:34.668+0000] {manager.py:469} INFO - Processing files using up to 2 processes at a time 
[2026-07-18T20:43:34.675+0000] {manager.py:470} INFO - Process each file at most once every 30 seconds
[2026-07-18T20:43:34.677+0000] {manager.py:471} INFO - Checking for new files in /opt/airflow/dags every 300 seconds
[2026-07-18T20:43:34.678+0000] {manager.py:738} INFO - Searching for files in /opt/airflow/dags
[2026-07-18T20:43:34.684+0000] {manager.py:741} INFO - There are 1 files in /opt/airflow/dags
[2026-07-18T20:43:34.862+0000] {manager.py:879} INFO - 
================================================================================
DAG File Processing Stats

File Path                                PID  Runtime      # DAGs    # Errors  Last Runtime    Last Run
-------------------------------------  -----  ---------  --------  ----------  --------------  ----------
/opt/airflow/dags/dataops_pipeline.py    166  0.08s             0           0
================================================================================
[2026-07-18T20:44:05.033+0000] {manager.py:879} INFO - 
================================================================================
DAG File Processing Stats

File Path                              PID    Runtime      # DAGs    # Errors  Last Runtime    Last Run
-------------------------------------  -----  ---------  --------  ----------  --------------  -------------------
/opt/airflow/dags/dataops_pipeline.py                           1           0  0.31s           2026-07-18T20:43:35
================================================================================
[2026-07-18T20:44:35.463+0000] {manager.py:879} INFO - 
================================================================================
DAG File Processing Stats

File Path                                PID  Runtime      # DAGs    # Errors  Last Runtime    Last Run
-------------------------------------  -----  ---------  --------  ----------  --------------  -------------------
/opt/airflow/dags/dataops_pipeline.py    177  0.01s             1           0  0.17s           2026-07-18T20:44:05
================================================================================
[2026-07-18T20:45:05.757+0000] {manager.py:879} INFO - 
================================================================================
DAG File Processing Stats

File Path                                PID  Runtime      # DAGs    # Errors  Last Runtime    Last Run
-------------------------------------  -----  ---------  --------  ----------  --------------  -------------------
/opt/airflow/dags/dataops_pipeline.py    182  0.00s             1           0  0.19s           2026-07-18T20:44:35
================================================================================
[2026-07-18T20:45:36.000+0000] {manager.py:879} INFO - 
================================================================================
DAG File Processing Stats

File Path                                PID  Runtime      # DAGs    # Errors  Last Runtime    Last Run
-------------------------------------  -----  ---------  --------  ----------  --------------  -------------------
/opt/airflow/dags/dataops_pipeline.py    187  0.00s             1           0  0.16s           2026-07-18T20:45:05
================================================================================
[2026-07-18T20:46:06.274+0000] {manager.py:879} INFO - 
================================================================================
DAG File Processing Stats

File Path                                PID  Runtime      # DAGs    # Errors  Last Runtime    Last Run
-------------------------------------  -----  ---------  --------  ----------  --------------  -------------------
/opt/airflow/dags/dataops_pipeline.py    192  0.01s             1           0  0.16s           2026-07-18T20:45:36
================================================================================
[2026-07-18T20:46:36.509+0000] {manager.py:879} INFO - 
================================================================================
DAG File Processing Stats

File Path                              PID    Runtime      # DAGs    # Errors  Last Runtime    Last Run
-------------------------------------  -----  ---------  --------  ----------  --------------  -------------------
/opt/airflow/dags/dataops_pipeline.py                           1           0  0.33s           2026-07-18T20:46:06
================================================================================
[2026-07-18T20:47:06.948+0000] {manager.py:879} INFO - 
================================================================================
DAG File Processing Stats

File Path                                PID  Runtime      # DAGs    # Errors  Last Runtime    Last Run
-------------------------------------  -----  ---------  --------  ----------  --------------  -------------------
/opt/airflow/dags/dataops_pipeline.py    202  0.01s             1           0  0.17s           2026-07-18T20:46:36
================================================================================
[2026-07-18T20:47:18.540+0000] {manager.py:451} INFO - Exiting gracefully upon receiving signal 15
[2026-07-18T20:49:18.162+0000] {manager.py:469} INFO - Processing files using up to 2 processes at a time 
[2026-07-18T20:49:18.169+0000] {manager.py:470} INFO - Process each file at most once every 30 seconds
[2026-07-18T20:49:18.170+0000] {manager.py:471} INFO - Checking for new files in /opt/airflow/dags every 300 seconds
[2026-07-18T20:49:18.171+0000] {manager.py:738} INFO - Searching for files in /opt/airflow/dags
[2026-07-18T20:49:18.177+0000] {manager.py:741} INFO - There are 1 files in /opt/airflow/dags
[2026-07-18T20:49:18.343+0000] {manager.py:879} INFO - 
================================================================================
DAG File Processing Stats

File Path                                PID  Runtime      # DAGs    # Errors  Last Runtime    Last Run
-------------------------------------  -----  ---------  --------  ----------  --------------  ----------
/opt/airflow/dags/dataops_pipeline.py    166  0.06s             0           0
================================================================================
[2026-07-18T20:49:48.508+0000] {manager.py:879} INFO - 
================================================================================
DAG File Processing Stats

File Path                              PID    Runtime      # DAGs    # Errors  Last Runtime    Last Run
-------------------------------------  -----  ---------  --------  ----------  --------------  -------------------
/opt/airflow/dags/dataops_pipeline.py                           1           0  0.26s           2026-07-18T20:49:18
================================================================================
[2026-07-18T20:50:18.888+0000] {manager.py:879} INFO - 
================================================================================
DAG File Processing Stats

File Path                                PID  Runtime      # DAGs    # Errors  Last Runtime    Last Run
-------------------------------------  -----  ---------  --------  ----------  --------------  -------------------
/opt/airflow/dags/dataops_pipeline.py    177  0.01s             1           0  0.16s           2026-07-18T20:49:48
================================================================================
[2026-07-18T20:50:49.207+0000] {manager.py:879} INFO - 
================================================================================
DAG File Processing Stats

File Path                                PID  Runtime      # DAGs    # Errors  Last Runtime    Last Run
-------------------------------------  -----  ---------  --------  ----------  --------------  -------------------
/opt/airflow/dags/dataops_pipeline.py    182  0.01s             1           0  0.26s           2026-07-18T20:50:19
================================================================================
[2026-07-18T20:51:19.525+0000] {manager.py:879} INFO - 
================================================================================
DAG File Processing Stats

File Path                                PID  Runtime      # DAGs    # Errors  Last Runtime    Last Run
-------------------------------------  -----  ---------  --------  ----------  --------------  -------------------
/opt/airflow/dags/dataops_pipeline.py    187  0.01s             1           0  0.24s           2026-07-18T20:50:49
================================================================================
[2026-07-18T20:51:49.796+0000] {manager.py:879} INFO - 
================================================================================
DAG File Processing Stats

File Path                                PID  Runtime      # DAGs    # Errors  Last Runtime    Last Run
-------------------------------------  -----  ---------  --------  ----------  --------------  -------------------
/opt/airflow/dags/dataops_pipeline.py    192  0.01s             1           0  0.18s           2026-07-18T20:51:19
================================================================================
[2026-07-18T20:52:20.040+0000] {manager.py:879} INFO - 
================================================================================
DAG File Processing Stats

File Path                                PID  Runtime      # DAGs    # Errors  Last Runtime    Last Run
-------------------------------------  -----  ---------  --------  ----------  --------------  -------------------
/opt/airflow/dags/dataops_pipeline.py    197  0.01s             1           0  0.20s           2026-07-18T20:51:49
================================================================================
[2026-07-18T20:52:50.340+0000] {manager.py:879} INFO - 
================================================================================
DAG File Processing Stats

File Path                                PID  Runtime      # DAGs    # Errors  Last Runtime    Last Run
-------------------------------------  -----  ---------  --------  ----------  --------------  -------------------
/opt/airflow/dags/dataops_pipeline.py    202  0.00s             1           0  0.24s           2026-07-18T20:52:20
================================================================================
[2026-07-18T20:53:20.622+0000] {manager.py:879} INFO - 
================================================================================
DAG File Processing Stats

File Path                                PID  Runtime      # DAGs    # Errors  Last Runtime    Last Run
-------------------------------------  -----  ---------  --------  ----------  --------------  -------------------
/opt/airflow/dags/dataops_pipeline.py    207  0.01s             1           0  0.15s           2026-07-18T20:52:50
================================================================================
[2026-07-18T20:53:50.816+0000] {manager.py:879} INFO - 
================================================================================
DAG File Processing Stats

File Path                                PID  Runtime      # DAGs    # Errors  Last Runtime    Last Run
-------------------------------------  -----  ---------  --------  ----------  --------------  -------------------
/opt/airflow/dags/dataops_pipeline.py    212  0.00s             1           0  0.16s           2026-07-18T20:53:20
================================================================================
[2026-07-18T20:54:19.098+0000] {manager.py:738} INFO - Searching for files in /opt/airflow/dags
[2026-07-18T20:54:19.103+0000] {manager.py:741} INFO - There are 1 files in /opt/airflow/dags
[2026-07-18T20:54:21.148+0000] {manager.py:879} INFO - 
================================================================================
DAG File Processing Stats

File Path                                PID  Runtime      # DAGs    # Errors  Last Runtime    Last Run
-------------------------------------  -----  ---------  --------  ----------  --------------  -------------------
/opt/airflow/dags/dataops_pipeline.py    217  0.01s             1           0  0.16s           2026-07-18T20:53:50
================================================================================
[2026-07-18T20:54:51.333+0000] {manager.py:879} INFO - 
================================================================================
DAG File Processing Stats

File Path                              PID    Runtime      # DAGs    # Errors  Last Runtime    Last Run
-------------------------------------  -----  ---------  --------  ----------  --------------  -------------------
/opt/airflow/dags/dataops_pipeline.py                           1           0  0.20s           2026-07-18T20:54:21
================================================================================
[2026-07-18T20:55:21.688+0000] {manager.py:879} INFO - 
================================================================================
DAG File Processing Stats

File Path                              PID    Runtime      # DAGs    # Errors  Last Runtime    Last Run
-------------------------------------  -----  ---------  --------  ----------  --------------  -------------------
/opt/airflow/dags/dataops_pipeline.py                           1           0  0.22s           2026-07-18T20:54:51
================================================================================
[2026-07-18T20:55:52.069+0000] {manager.py:879} INFO - 
================================================================================
DAG File Processing Stats

File Path                              PID    Runtime      # DAGs    # Errors  Last Runtime    Last Run
-------------------------------------  -----  ---------  --------  ----------  --------------  -------------------
/opt/airflow/dags/dataops_pipeline.py                           1           0  0.18s           2026-07-18T20:55:24
================================================================================
