[2026-07-19T09:24:43.350+0000] {processor.py:161} INFO - Started process (PID=67) to work on /opt/airflow/dags/dataops_pipeline.py
[2026-07-19T09:24:43.353+0000] {processor.py:830} INFO - Processing file /opt/airflow/dags/dataops_pipeline.py for tasks to queue
[2026-07-19T09:24:43.355+0000] {logging_mixin.py:188} INFO - [2026-07-19T09:24:43.354+0000] {dagbag.py:538} INFO - Filling up the DagBag from /opt/airflow/dags/dataops_pipeline.py
[2026-07-19T09:24:43.364+0000] {logging_mixin.py:188} INFO - [2026-07-19T09:24:43.362+0000] {dagbag.py:348} ERROR - Failed to import: /opt/airflow/dags/dataops_pipeline.py
Traceback (most recent call last):
  File "/home/airflow/.local/lib/python3.8/site-packages/airflow/models/dagbag.py", line 344, in parse
    loader.exec_module(new_module)
  File "<frozen importlib._bootstrap_external>", line 843, in exec_module
  File "<frozen importlib._bootstrap>", line 219, in _call_with_frames_removed
  File "/opt/airflow/dags/dataops_pipeline.py", line 6, in <module>
    from dataops.orchestration.tasks.ingestion import create_ingestion_task
ModuleNotFoundError: No module named 'dataops'
[2026-07-19T09:24:43.365+0000] {processor.py:842} WARNING - No viable dags retrieved from /opt/airflow/dags/dataops_pipeline.py
[2026-07-19T09:24:43.398+0000] {processor.py:183} INFO - Processing /opt/airflow/dags/dataops_pipeline.py took 0.054 seconds
[2026-07-19T09:25:13.599+0000] {processor.py:161} INFO - Started process (PID=83) to work on /opt/airflow/dags/dataops_pipeline.py
[2026-07-19T09:25:13.602+0000] {processor.py:830} INFO - Processing file /opt/airflow/dags/dataops_pipeline.py for tasks to queue
[2026-07-19T09:25:13.605+0000] {logging_mixin.py:188} INFO - [2026-07-19T09:25:13.604+0000] {dagbag.py:538} INFO - Filling up the DagBag from /opt/airflow/dags/dataops_pipeline.py
[2026-07-19T09:25:13.619+0000] {logging_mixin.py:188} INFO - [2026-07-19T09:25:13.617+0000] {dagbag.py:348} ERROR - Failed to import: /opt/airflow/dags/dataops_pipeline.py
Traceback (most recent call last):
  File "/home/airflow/.local/lib/python3.8/site-packages/airflow/models/dagbag.py", line 344, in parse
    loader.exec_module(new_module)
  File "<frozen importlib._bootstrap_external>", line 843, in exec_module
  File "<frozen importlib._bootstrap>", line 219, in _call_with_frames_removed
  File "/opt/airflow/dags/dataops_pipeline.py", line 6, in <module>
    from dataops.orchestration.tasks.ingestion import create_ingestion_task
ModuleNotFoundError: No module named 'dataops'
[2026-07-19T09:25:13.620+0000] {processor.py:842} WARNING - No viable dags retrieved from /opt/airflow/dags/dataops_pipeline.py
[2026-07-19T09:25:13.654+0000] {processor.py:183} INFO - Processing /opt/airflow/dags/dataops_pipeline.py took 0.059 seconds
[2026-07-19T09:25:44.115+0000] {processor.py:161} INFO - Started process (PID=85) to work on /opt/airflow/dags/dataops_pipeline.py
[2026-07-19T09:25:44.117+0000] {processor.py:830} INFO - Processing file /opt/airflow/dags/dataops_pipeline.py for tasks to queue
[2026-07-19T09:25:44.120+0000] {logging_mixin.py:188} INFO - [2026-07-19T09:25:44.119+0000] {dagbag.py:538} INFO - Filling up the DagBag from /opt/airflow/dags/dataops_pipeline.py
[2026-07-19T09:25:44.129+0000] {logging_mixin.py:188} INFO - [2026-07-19T09:25:44.127+0000] {dagbag.py:348} ERROR - Failed to import: /opt/airflow/dags/dataops_pipeline.py
Traceback (most recent call last):
  File "/home/airflow/.local/lib/python3.8/site-packages/airflow/models/dagbag.py", line 344, in parse
    loader.exec_module(new_module)
  File "<frozen importlib._bootstrap_external>", line 843, in exec_module
  File "<frozen importlib._bootstrap>", line 219, in _call_with_frames_removed
  File "/opt/airflow/dags/dataops_pipeline.py", line 6, in <module>
    from dataops.orchestration.tasks.ingestion import create_ingestion_task
ModuleNotFoundError: No module named 'dataops'
[2026-07-19T09:25:44.130+0000] {processor.py:842} WARNING - No viable dags retrieved from /opt/airflow/dags/dataops_pipeline.py
[2026-07-19T09:25:44.164+0000] {processor.py:183} INFO - Processing /opt/airflow/dags/dataops_pipeline.py took 0.056 seconds
[2026-07-19T09:26:14.623+0000] {processor.py:161} INFO - Started process (PID=86) to work on /opt/airflow/dags/dataops_pipeline.py
[2026-07-19T09:26:14.626+0000] {processor.py:830} INFO - Processing file /opt/airflow/dags/dataops_pipeline.py for tasks to queue
[2026-07-19T09:26:14.628+0000] {logging_mixin.py:188} INFO - [2026-07-19T09:26:14.627+0000] {dagbag.py:538} INFO - Filling up the DagBag from /opt/airflow/dags/dataops_pipeline.py
[2026-07-19T09:26:14.637+0000] {logging_mixin.py:188} INFO - [2026-07-19T09:26:14.635+0000] {dagbag.py:348} ERROR - Failed to import: /opt/airflow/dags/dataops_pipeline.py
Traceback (most recent call last):
  File "/home/airflow/.local/lib/python3.8/site-packages/airflow/models/dagbag.py", line 344, in parse
    loader.exec_module(new_module)
  File "<frozen importlib._bootstrap_external>", line 843, in exec_module
  File "<frozen importlib._bootstrap>", line 219, in _call_with_frames_removed
  File "/opt/airflow/dags/dataops_pipeline.py", line 6, in <module>
    from dataops.orchestration.tasks.ingestion import create_ingestion_task
ModuleNotFoundError: No module named 'dataops'
[2026-07-19T09:26:14.637+0000] {processor.py:842} WARNING - No viable dags retrieved from /opt/airflow/dags/dataops_pipeline.py
[2026-07-19T09:26:14.666+0000] {processor.py:183} INFO - Processing /opt/airflow/dags/dataops_pipeline.py took 0.049 seconds
[2026-07-19T09:26:44.747+0000] {processor.py:161} INFO - Started process (PID=87) to work on /opt/airflow/dags/dataops_pipeline.py
[2026-07-19T09:26:44.748+0000] {processor.py:830} INFO - Processing file /opt/airflow/dags/dataops_pipeline.py for tasks to queue
[2026-07-19T09:26:44.750+0000] {logging_mixin.py:188} INFO - [2026-07-19T09:26:44.749+0000] {dagbag.py:538} INFO - Filling up the DagBag from /opt/airflow/dags/dataops_pipeline.py
[2026-07-19T09:26:44.755+0000] {logging_mixin.py:188} INFO - [2026-07-19T09:26:44.753+0000] {dagbag.py:348} ERROR - Failed to import: /opt/airflow/dags/dataops_pipeline.py
Traceback (most recent call last):
  File "/home/airflow/.local/lib/python3.8/site-packages/airflow/models/dagbag.py", line 344, in parse
    loader.exec_module(new_module)
  File "<frozen importlib._bootstrap_external>", line 843, in exec_module
  File "<frozen importlib._bootstrap>", line 219, in _call_with_frames_removed
  File "/opt/airflow/dags/dataops_pipeline.py", line 6, in <module>
    from dataops.orchestration.tasks.ingestion import create_ingestion_task
ModuleNotFoundError: No module named 'dataops'
[2026-07-19T09:26:44.755+0000] {processor.py:842} WARNING - No viable dags retrieved from /opt/airflow/dags/dataops_pipeline.py
[2026-07-19T09:26:44.781+0000] {processor.py:183} INFO - Processing /opt/airflow/dags/dataops_pipeline.py took 0.037 seconds
[2026-07-19T09:27:15.372+0000] {processor.py:161} INFO - Started process (PID=88) to work on /opt/airflow/dags/dataops_pipeline.py
[2026-07-19T09:27:15.373+0000] {processor.py:830} INFO - Processing file /opt/airflow/dags/dataops_pipeline.py for tasks to queue
[2026-07-19T09:27:15.375+0000] {logging_mixin.py:188} INFO - [2026-07-19T09:27:15.374+0000] {dagbag.py:538} INFO - Filling up the DagBag from /opt/airflow/dags/dataops_pipeline.py
[2026-07-19T09:27:15.380+0000] {logging_mixin.py:188} INFO - [2026-07-19T09:27:15.379+0000] {dagbag.py:348} ERROR - Failed to import: /opt/airflow/dags/dataops_pipeline.py
Traceback (most recent call last):
  File "/home/airflow/.local/lib/python3.8/site-packages/airflow/models/dagbag.py", line 344, in parse
    loader.exec_module(new_module)
  File "<frozen importlib._bootstrap_external>", line 843, in exec_module
  File "<frozen importlib._bootstrap>", line 219, in _call_with_frames_removed
  File "/opt/airflow/dags/dataops_pipeline.py", line 6, in <module>
    from dataops.orchestration.tasks.ingestion import create_ingestion_task
ModuleNotFoundError: No module named 'dataops'
[2026-07-19T09:27:15.381+0000] {processor.py:842} WARNING - No viable dags retrieved from /opt/airflow/dags/dataops_pipeline.py
[2026-07-19T09:27:15.400+0000] {processor.py:183} INFO - Processing /opt/airflow/dags/dataops_pipeline.py took 0.032 seconds
[2026-07-19T09:27:45.774+0000] {processor.py:161} INFO - Started process (PID=89) to work on /opt/airflow/dags/dataops_pipeline.py
[2026-07-19T09:27:45.776+0000] {processor.py:830} INFO - Processing file /opt/airflow/dags/dataops_pipeline.py for tasks to queue
[2026-07-19T09:27:45.777+0000] {logging_mixin.py:188} INFO - [2026-07-19T09:27:45.777+0000] {dagbag.py:538} INFO - Filling up the DagBag from /opt/airflow/dags/dataops_pipeline.py
[2026-07-19T09:27:45.781+0000] {logging_mixin.py:188} INFO - [2026-07-19T09:27:45.781+0000] {dagbag.py:348} ERROR - Failed to import: /opt/airflow/dags/dataops_pipeline.py
Traceback (most recent call last):
  File "/home/airflow/.local/lib/python3.8/site-packages/airflow/models/dagbag.py", line 344, in parse
    loader.exec_module(new_module)
  File "<frozen importlib._bootstrap_external>", line 843, in exec_module
  File "<frozen importlib._bootstrap>", line 219, in _call_with_frames_removed
  File "/opt/airflow/dags/dataops_pipeline.py", line 6, in <module>
    from dataops.orchestration.tasks.ingestion import create_ingestion_task
ModuleNotFoundError: No module named 'dataops'
[2026-07-19T09:27:45.782+0000] {processor.py:842} WARNING - No viable dags retrieved from /opt/airflow/dags/dataops_pipeline.py
[2026-07-19T09:27:45.809+0000] {processor.py:183} INFO - Processing /opt/airflow/dags/dataops_pipeline.py took 0.038 seconds
[2026-07-19T09:28:16.235+0000] {processor.py:161} INFO - Started process (PID=90) to work on /opt/airflow/dags/dataops_pipeline.py
[2026-07-19T09:28:16.240+0000] {processor.py:830} INFO - Processing file /opt/airflow/dags/dataops_pipeline.py for tasks to queue
[2026-07-19T09:28:16.244+0000] {logging_mixin.py:188} INFO - [2026-07-19T09:28:16.243+0000] {dagbag.py:538} INFO - Filling up the DagBag from /opt/airflow/dags/dataops_pipeline.py
[2026-07-19T09:28:16.250+0000] {logging_mixin.py:188} INFO - [2026-07-19T09:28:16.249+0000] {dagbag.py:348} ERROR - Failed to import: /opt/airflow/dags/dataops_pipeline.py
Traceback (most recent call last):
  File "/home/airflow/.local/lib/python3.8/site-packages/airflow/models/dagbag.py", line 344, in parse
    loader.exec_module(new_module)
  File "<frozen importlib._bootstrap_external>", line 843, in exec_module
  File "<frozen importlib._bootstrap>", line 219, in _call_with_frames_removed
  File "/opt/airflow/dags/dataops_pipeline.py", line 6, in <module>
    from dataops.orchestration.tasks.ingestion import create_ingestion_task
ModuleNotFoundError: No module named 'dataops'
[2026-07-19T09:28:16.251+0000] {processor.py:842} WARNING - No viable dags retrieved from /opt/airflow/dags/dataops_pipeline.py
[2026-07-19T09:28:16.269+0000] {processor.py:183} INFO - Processing /opt/airflow/dags/dataops_pipeline.py took 0.046 seconds
[2026-07-19T09:28:46.381+0000] {processor.py:161} INFO - Started process (PID=91) to work on /opt/airflow/dags/dataops_pipeline.py
[2026-07-19T09:28:46.383+0000] {processor.py:830} INFO - Processing file /opt/airflow/dags/dataops_pipeline.py for tasks to queue
[2026-07-19T09:28:46.386+0000] {logging_mixin.py:188} INFO - [2026-07-19T09:28:46.385+0000] {dagbag.py:538} INFO - Filling up the DagBag from /opt/airflow/dags/dataops_pipeline.py
[2026-07-19T09:28:46.391+0000] {logging_mixin.py:188} INFO - [2026-07-19T09:28:46.390+0000] {dagbag.py:348} ERROR - Failed to import: /opt/airflow/dags/dataops_pipeline.py
Traceback (most recent call last):
  File "/home/airflow/.local/lib/python3.8/site-packages/airflow/models/dagbag.py", line 344, in parse
    loader.exec_module(new_module)
  File "<frozen importlib._bootstrap_external>", line 843, in exec_module
  File "<frozen importlib._bootstrap>", line 219, in _call_with_frames_removed
  File "/opt/airflow/dags/dataops_pipeline.py", line 6, in <module>
    from dataops.orchestration.tasks.ingestion import create_ingestion_task
ModuleNotFoundError: No module named 'dataops'
[2026-07-19T09:28:46.392+0000] {processor.py:842} WARNING - No viable dags retrieved from /opt/airflow/dags/dataops_pipeline.py
[2026-07-19T09:28:46.421+0000] {processor.py:183} INFO - Processing /opt/airflow/dags/dataops_pipeline.py took 0.054 seconds
[2026-07-19T09:29:16.542+0000] {processor.py:161} INFO - Started process (PID=92) to work on /opt/airflow/dags/dataops_pipeline.py
[2026-07-19T09:29:16.545+0000] {processor.py:830} INFO - Processing file /opt/airflow/dags/dataops_pipeline.py for tasks to queue
[2026-07-19T09:29:16.547+0000] {logging_mixin.py:188} INFO - [2026-07-19T09:29:16.547+0000] {dagbag.py:538} INFO - Filling up the DagBag from /opt/airflow/dags/dataops_pipeline.py
[2026-07-19T09:29:16.553+0000] {logging_mixin.py:188} INFO - [2026-07-19T09:29:16.552+0000] {dagbag.py:348} ERROR - Failed to import: /opt/airflow/dags/dataops_pipeline.py
Traceback (most recent call last):
  File "/home/airflow/.local/lib/python3.8/site-packages/airflow/models/dagbag.py", line 344, in parse
    loader.exec_module(new_module)
  File "<frozen importlib._bootstrap_external>", line 843, in exec_module
  File "<frozen importlib._bootstrap>", line 219, in _call_with_frames_removed
  File "/opt/airflow/dags/dataops_pipeline.py", line 6, in <module>
    from dataops.orchestration.tasks.ingestion import create_ingestion_task
ModuleNotFoundError: No module named 'dataops'
[2026-07-19T09:29:16.554+0000] {processor.py:842} WARNING - No viable dags retrieved from /opt/airflow/dags/dataops_pipeline.py
[2026-07-19T09:29:16.578+0000] {processor.py:183} INFO - Processing /opt/airflow/dags/dataops_pipeline.py took 0.045 seconds
[2026-07-19T09:29:47.447+0000] {processor.py:161} INFO - Started process (PID=137) to work on /opt/airflow/dags/dataops_pipeline.py
[2026-07-19T09:29:47.450+0000] {processor.py:830} INFO - Processing file /opt/airflow/dags/dataops_pipeline.py for tasks to queue
[2026-07-19T09:29:47.452+0000] {logging_mixin.py:188} INFO - [2026-07-19T09:29:47.451+0000] {dagbag.py:538} INFO - Filling up the DagBag from /opt/airflow/dags/dataops_pipeline.py
[2026-07-19T09:29:47.469+0000] {processor.py:840} INFO - DAG(s) 'dataops_master' retrieved from /opt/airflow/dags/dataops_pipeline.py
[2026-07-19T09:29:47.604+0000] {logging_mixin.py:188} INFO - [2026-07-19T09:29:47.603+0000] {override.py:1769} INFO - Created Permission View: can delete on DAG:dataops_master
[2026-07-19T09:29:47.621+0000] {logging_mixin.py:188} INFO - [2026-07-19T09:29:47.621+0000] {override.py:1769} INFO - Created Permission View: can read on DAG:dataops_master
[2026-07-19T09:29:47.632+0000] {logging_mixin.py:188} INFO - [2026-07-19T09:29:47.632+0000] {override.py:1769} INFO - Created Permission View: can edit on DAG:dataops_master
[2026-07-19T09:29:47.633+0000] {logging_mixin.py:188} INFO - [2026-07-19T09:29:47.633+0000] {dag.py:3036} INFO - Sync 1 DAGs
[2026-07-19T09:29:47.650+0000] {logging_mixin.py:188} INFO - [2026-07-19T09:29:47.650+0000] {dag.py:3058} INFO - Creating ORM DAG for dataops_master
[2026-07-19T09:29:47.669+0000] {logging_mixin.py:188} INFO - [2026-07-19T09:29:47.668+0000] {dag.py:3823} INFO - Setting next_dagrun for dataops_master to 2026-07-18 04:00:00+00:00, run_after=2026-07-19 04:00:00+00:00
[2026-07-19T09:29:47.703+0000] {processor.py:183} INFO - Processing /opt/airflow/dags/dataops_pipeline.py took 0.263 seconds
